Archive member included to satisfy reference by file (symbol)

C:/ST/STM32CubeIDE_1.12.1/STM32CubeIDE/plugins/com.st.stm32cube.ide.mcu.externaltools.gnu-tools-for-stm32.11.3.rel1.win32_1.1.0.202305231506/tools/bin/../lib/gcc/arm-none-eabi/11.3.1/../../../../arm-none-eabi/lib/thumb/v7e-m+fp/hard\libc_nano.a(libc_a-exit.o)
                              C:/ST/STM32CubeIDE_1.12.1/STM32CubeIDE/plugins/com.st.stm32cube.ide.mcu.externaltools.gnu-tools-for-stm32.11.3.rel1.win32_1.1.0.202305231506/tools/bin/../lib/gcc/arm-none-eabi/11.3.1/../../../../arm-none-eabi/lib/thumb/v7e-m+fp/hard/crt0.o (exit)
C:/ST/STM32CubeIDE_1.12.1/STM32CubeIDE/plugins/com.st.stm32cube.ide.mcu.externaltools.gnu-tools-for-stm32.11.3.rel1.win32_1.1.0.202305231506/tools/bin/../lib/gcc/arm-none-eabi/11.3.1/../../../../arm-none-eabi/lib/thumb/v7e-m+fp/hard\libc_nano.a(libc_a-findfp.o)
                              C:/ST/STM32CubeIDE_1.12.1/STM32CubeIDE/plugins/com.st.stm32cube.ide.mcu.externaltools.gnu-tools-for-stm32.11.3.rel1.win32_1.1.0.202305231506/tools/bin/../lib/gcc/arm-none-eabi/11.3.1/../../../../arm-none-eabi/lib/thumb/v7e-m+fp/hard\libc_nano.a(libc_a-exit.o) (__stdio_exit_handler)
C:/ST/STM32CubeIDE_1.12.1/STM32CubeIDE/plugins/com.st.stm32cube.ide.mcu.externaltools.gnu-tools-for-stm32.11.3.rel1.win32_1.1.0.202305231506/tools/bin/../lib/gcc/arm-none-eabi/11.3.1/../../../../arm-none-eabi/lib/thumb/v7e-m+fp/hard\libc_nano.a(libc_a-fwalk.o)
                              C:/ST/STM32CubeIDE_1.12.1/STM32CubeIDE/plugins/com.st.stm32cube.ide.mcu.externaltools.gnu-tools-for-stm32.11.3.rel1.win32_1.1.0.202305231506/tools/bin/../lib/gcc/arm-none-eabi/11.3.1/../../../../arm-none-eabi/lib/thumb/v7e-m+fp/hard\libc_nano.a(libc_a-findfp.o) (_fwalk_sglue)
C:/ST/STM32CubeIDE_1.12.1/STM32CubeIDE/plugins/com.st.stm32cube.ide.mcu.externaltools.gnu-tools-for-stm32.11.3.rel1.win32_1.1.0.202305231506/tools/bin/../lib/gcc/arm-none-eabi/11.3.1/../../../../arm-none-eabi/lib/thumb/v7e-m+fp/hard\libc_nano.a(libc_a-sprintf.o)
                              ./Core/Src/main.o (sprintf)
C:/ST/STM32CubeIDE_1.12.1/STM32CubeIDE/plugins/com.st.stm32cube.ide.mcu.externaltools.gnu-tools-for-stm32.11.3.rel1.win32_1.1.0.202305231506/tools/bin/../lib/gcc/arm-none-eabi/11.3.1/../../../../arm-none-eabi/lib/thumb/v7e-m+fp/hard\libc_nano.a(libc_a-stdio.o)
                              C:/ST/STM32CubeIDE_1.12.1/STM32CubeIDE/plugins/com.st.stm32cube.ide.mcu.externaltools.gnu-tools-for-stm32.11.3.rel1.win32_1.1.0.202305231506/tools/bin/../lib/gcc/arm-none-eabi/11.3.1/../../../../arm-none-eabi/lib/thumb/v7e-m+fp/hard\libc_nano.a(libc_a-findfp.o) (__sread)
C:/ST/STM32CubeIDE_1.12.1/STM32CubeIDE/plugins/com.st.stm32cube.ide.mcu.externaltools.gnu-tools-for-stm32.11.3.rel1.win32_1.1.0.202305231506/tools/bin/../lib/gcc/arm-none-eabi/11.3.1/../../../../arm-none-eabi/lib/thumb/v7e-m+fp/hard\libc_nano.a(libc_a-memset.o)
                              C:/ST/STM32CubeIDE_1.12.1/STM32CubeIDE/plugins/com.st.stm32cube.ide.mcu.externaltools.gnu-tools-for-stm32.11.3.rel1.win32_1.1.0.202305231506/tools/bin/../lib/gcc/arm-none-eabi/11.3.1/../../../../arm-none-eabi/lib/thumb/v7e-m+fp/hard/crt0.o (memset)
C:/ST/STM32CubeIDE_1.12.1/STM32CubeIDE/plugins/com.st.stm32cube.ide.mcu.externaltools.gnu-tools-for-stm32.11.3.rel1.win32_1.1.0.202305231506/tools/bin/../lib/gcc/arm-none-eabi/11.3.1/../../../../arm-none-eabi/lib/thumb/v7e-m+fp/hard\libc_nano.a(libc_a-closer.o)
                              C:/ST/STM32CubeIDE_1.12.1/STM32CubeIDE/plugins/com.st.stm32cube.ide.mcu.externaltools.gnu-tools-for-stm32.11.3.rel1.win32_1.1.0.202305231506/tools/bin/../lib/gcc/arm-none-eabi/11.3.1/../../../../arm-none-eabi/lib/thumb/v7e-m+fp/hard\libc_nano.a(libc_a-stdio.o) (_close_r)
C:/ST/STM32CubeIDE_1.12.1/STM32CubeIDE/plugins/com.st.stm32cube.ide.mcu.externaltools.gnu-tools-for-stm32.11.3.rel1.win32_1.1.0.202305231506/tools/bin/../lib/gcc/arm-none-eabi/11.3.1/../../../../arm-none-eabi/lib/thumb/v7e-m+fp/hard\libc_nano.a(libc_a-reent.o)
                              C:/ST/STM32CubeIDE_1.12.1/STM32CubeIDE/plugins/com.st.stm32cube.ide.mcu.externaltools.gnu-tools-for-stm32.11.3.rel1.win32_1.1.0.202305231506/tools/bin/../lib/gcc/arm-none-eabi/11.3.1/../../../../arm-none-eabi/lib/thumb/v7e-m+fp/hard\libc_nano.a(libc_a-closer.o) (errno)
C:/ST/STM32CubeIDE_1.12.1/STM32CubeIDE/plugins/com.st.stm32cube.ide.mcu.externaltools.gnu-tools-for-stm32.11.3.rel1.win32_1.1.0.202305231506/tools/bin/../lib/gcc/arm-none-eabi/11.3.1/../../../../arm-none-eabi/lib/thumb/v7e-m+fp/hard\libc_nano.a(libc_a-impure.o)
                              C:/ST/STM32CubeIDE_1.12.1/STM32CubeIDE/plugins/com.st.stm32cube.ide.mcu.externaltools.gnu-tools-for-stm32.11.3.rel1.win32_1.1.0.202305231506/tools/bin/../lib/gcc/arm-none-eabi/11.3.1/../../../../arm-none-eabi/lib/thumb/v7e-m+fp/hard\libc_nano.a(libc_a-sprintf.o) (_impure_ptr)
[...]
Memory Configuration

Name             Origin             Length             Attributes
CCMRAM           0x0000000010000000 0x0000000000010000 xrw
RAM              0x0000000020000000 0x0000000000020000 xrw
FLASH            0x0000000008000000 0x0000000000100000 xr
*default*        0x0000000000000000 0xffffffffffffffff

Linker script and memory map

LOAD C:/ST/STM32CubeIDE_1.12.1/STM32CubeIDE/plugins/com.st.stm32cube.ide.mcu.externaltools.gnu-tools-for-stm32.11.3.rel1.win32_1.1.0.202305231506/tools/bin/../lib/gcc/arm-none-eabi/11.3.1/thumb/v7e-m+fp/hard/crti.o
LOAD C:/ST/STM32CubeIDE_1.12.1/STM32CubeIDE/plugins/com.st.stm32cube.ide.mcu.externaltools.gnu-tools-for-stm32.11.3.rel1.win32_1.1.0.202305231506/tools/bin/../lib/gcc/arm-none-eabi/11.3.1/thumb/v7e-m+fp/hard/crtbegin.o
LOAD C:/ST/STM32CubeIDE_1.12.1/STM32CubeIDE/plugins/com.st.stm32cube.ide.mcu.externaltools.gnu-tools-for-stm32.11.3.rel1.win32_1.1.0.202305231506/tools/bin/../lib/gcc/arm-none-eabi/11.3.1/../../../../arm-none-eabi/lib/thumb/v7e-m+fp/hard/crt0.o
LOAD ./Core/Src/main.o
LOAD ./Core/Src/stm32f4xx_hal_msp.o
LOAD ./Core/Src/stm32f4xx_hal_timebase_tim.o
LOAD ./Core/Src/stm32f4xx_it.o
LOAD ./Core/Src/syscalls.o
LOAD ./Core/Src/sysmem.o
LOAD ./Core/Src/system_stm32f4xx.o
LOAD ./Core/Startup/startup_stm32f407vgtx.o
LOAD ./Drivers/STM32F4xx_HAL_Driver/Src/stm32f4xx_hal.o
LOAD ./Drivers/STM32F4xx_HAL_Driver/Src/stm32f4xx_hal_cortex.o
LOAD ./Drivers/STM32F4xx_HAL_Driver/Src/stm32f4xx_hal_dma.o
LOAD ./Drivers/STM32F4xx_HAL_Driver/Src/stm32f4xx_hal_dma_ex.o
LOAD ./Drivers/STM32F4xx_HAL_Driver/Src/stm32f4xx_hal_exti.o
LOAD ./Drivers/STM32F4xx_HAL_Driver/Src/stm32f4xx_hal_flash.o
LOAD ./Drivers/STM32F4xx_HAL_Driver/Src/stm32f4xx_hal_flash_ex.o
LOAD ./Drivers/STM32F4xx_HAL_Driver/Src/stm32f4xx_hal_flash_ramfunc.o
LOAD ./Drivers/STM32F4xx_HAL_Driver/Src/stm32f4xx_hal_gpio.o
LOAD ./Drivers/STM32F4xx_HAL_Driver/Src/stm32f4xx_hal_pwr.o
LOAD ./Drivers/STM32F4xx_HAL_Driver/Src/stm32f4xx_hal_pwr_ex.o
LOAD ./Drivers/STM32F4xx_HAL_Driver/Src/stm32f4xx_hal_rcc.o
LOAD ./Drivers/STM32F4xx_HAL_Driver/Src/stm32f4xx_hal_rcc_ex.o
LOAD ./Drivers/STM32F4xx_HAL_Driver/Src/stm32f4xx_hal_tim.o
LOAD ./Drivers/STM32F4xx_HAL_Driver/Src/stm32f4xx_hal_tim_ex.o
LOAD ./Drivers/STM32F4xx_HAL_Driver/Src/stm32f4xx_hal_uart.o
LOAD ./common/ThirdParty/FreeRTOS/croutine.o
LOAD ./common/ThirdParty/FreeRTOS/event_groups.o
LOAD ./common/ThirdParty/FreeRTOS/list.o
LOAD ./common/ThirdParty/FreeRTOS/queue.o
LOAD ./common/ThirdParty/FreeRTOS/stream_buffer.o
LOAD ./common/ThirdParty/FreeRTOS/tasks.o
LOAD ./common/ThirdParty/FreeRTOS/timers.o
LOAD ./common/ThirdParty/FreeRTOS/portable/GCC/ARM_CM4F/port.o
LOAD ./common/ThirdParty/FreeRTOS/portable/MemMang/heap_4.o
START GROUP
LOAD C:/ST/STM32CubeIDE_1.12.1/STM32CubeIDE/plugins/com.st.stm32cube.ide.mcu.externaltools.gnu-tools-for-stm32.11.3.rel1.win32_1.1.0.202305231506/tools/bin/../lib/gcc/arm-none-eabi/11.3.1/../../../../arm-none-eabi/lib/thumb/v7e-m+fp/hard\libc_nano.a
LOAD C:/ST/STM32CubeIDE_1.12.1/STM32CubeIDE/plugins/com.st.stm32cube.ide.mcu.externaltools.gnu-tools-for-stm32.11.3.rel1.win32_1.1.0.202305231506/tools/bin/../lib/gcc/arm-none-eabi/11.3.1/../../../../arm-none-eabi/lib/thumb/v7e-m+fp/hard\libm.a
END GROUP
START GROUP
LOAD C:/ST/STM32CubeIDE_1.12.1/STM32CubeIDE/plugins/com.st.stm32cube.ide.mcu.externaltools.gnu-tools-for-stm32.11.3.rel1.win32_1.1.0.202305231506/tools/bin/../lib/gcc/arm-none-eabi/11.3.1/thumb/v7e-m+fp/hard\libgcc.a
LOAD C:/ST/STM32CubeIDE_1.12.1/STM32CubeIDE/plugins/com.st.stm32cube.ide.mcu.externaltools.gnu-tools-for-stm32.11.3.rel1.win32_1.1.0.202305231506/tools/bin/../lib/gcc/arm-none-eabi/11.3.1/../../../../arm-none-eabi/lib/thumb/v7e-m+fp/hard\libc_nano.a
END GROUP
START GROUP
LOAD C:/ST/STM32CubeIDE_1.12.1/STM32CubeIDE/plugins/com.st.stm32cube.ide.mcu.externaltools.gnu-tools-for-stm32.11.3.rel1.win32_1.1.0.202305231506/tools/bin/../lib/gcc/arm-none-eabi/11.3.1/thumb/v7e-m+fp/hard\libgcc.a
LOAD C:/ST/STM32CubeIDE_1.12.1/STM32CubeIDE/plugins/com.st.stm32cube.ide.mcu.externaltools.gnu-tools-for-stm32.11.3.rel1.win32_1.1.0.202305231506/tools/bin/../lib/gcc/arm-none-eabi/11.3.1/../../../../arm-none-eabi/lib/thumb/v7e-m+fp/hard\libc_nano.a
LOAD C:/ST/STM32CubeIDE_1.12.1/STM32CubeIDE/plugins/com.st.stm32cube.ide.mcu.externaltools.gnu-tools-for-stm32.11.3.rel1.win32_1.1.0.202305231506/tools/bin/../lib/gcc/arm-none-eabi/11.3.1/../../../../arm-none-eabi/lib/thumb/v7e-m+fp/hard\libnosys.a
END GROUP
START GROUP
LOAD C:/ST/STM32CubeIDE_1.12.1/STM32CubeIDE/plugins/com.st.stm32cube.ide.mcu.externaltools.gnu-tools-for-stm32.11.3.rel1.win32_1.1.0.202305231506/tools/bin/../lib/gcc/arm-none-eabi/11.3.1/thumb/v7e-m+fp/hard\libgcc.a
LOAD C:/ST/STM32CubeIDE_1.12.1/STM32CubeIDE/plugins/com.st.stm32cube.ide.mcu.externaltools.gnu-tools-for-stm32.11.3.rel1.win32_1.1.0.202305231506/tools/bin/../lib/gcc/arm-none-eabi/11.3.1/../../../../arm-none-eabi/lib/thumb/v7e-m+fp/hard\libc_nano.a
LOAD C:/ST/STM32CubeIDE_1.12.1/STM32CubeIDE/plugins/com.st.stm32cube.ide.mcu.externaltools.gnu-tools-for-stm32.11.3.rel1.win32_1.1.0.202305231506/tools/bin/../lib/gcc/arm-none-eabi/11.3.1/../../../../arm-none-eabi/lib/thumb/v7e-m+fp/hard\libnosys.a
END GROUP
LOAD C:/ST/STM32CubeIDE_1.12.1/STM32CubeIDE/plugins/com.st.stm32cube.ide.mcu.externaltools.gnu-tools-for-stm32.11.3.rel1.win32_1.1.0.202305231506/tools/bin/../lib/gcc/arm-none-eabi/11.3.1/thumb/v7e-m+fp/hard/crtend.o
LOAD C:/ST/STM32CubeIDE_1.12.1/STM32CubeIDE/plugins/com.st.stm32cube.ide.mcu.externaltools.gnu-tools-for-stm32.11.3.rel1.win32_1.1.0.202305231506/tools/bin/../lib/gcc/arm-none-eabi/11.3.1/thumb/v7e-m+fp/hard/crtn.o
                0x0000000020020000                _estack = (ORIGIN (RAM) + LENGTH (RAM))
                0x0000000000000200                _Min_Heap_Size = 0x200
                0x0000000000000400                _Min_Stack_Size = 0x400

.isr_vector     0x0000000008000000      0x188
                0x0000000008000000                . = ALIGN (0x4)
 *(.isr_vector)
 .isr_vector    0x0000000008000000      0x188 ./Core/Startup/startup_stm32f407vgtx.o
                0x0000000008000000                g_pfnVectors
                0x0000000008000188                . = ALIGN (0x4)

.text           0x0000000008000190     0x62e4
                0x0000000008000190                . = ALIGN (0x4)
 *(.text)
 .text          0x0000000008000190       0x40 C:/ST/STM32CubeIDE_1.12.1/STM32CubeIDE/plugins/com.st.stm32cube.ide.mcu.externaltools.gnu-tools-for-stm32.11.3.rel1.win32_1.1.0.202305231506/tools/bin/../lib/gcc/arm-none-eabi/11.3.1/thumb/v7e-m+fp/hard/crtbegin.o
 .text          0x00000000080001d0       0x10 C:/ST/STM32CubeIDE_1.12.1/STM32CubeIDE/plugins/com.st.stm32cube.ide.mcu.externaltools.gnu-tools-for-stm32.11.3.rel1.win32_1.1.0.202305231506/tools/bin/../lib/gcc/arm-none-eabi/11.3.1/../../../../arm-none-eabi/lib/thumb/v7e-m+fp/hard\libc_nano.a(libc_a-strlen.o)
                0x00000000080001d0                strlen
 .text          0x00000000080001e0       0xa0 C:/ST/STM32CubeIDE_1.12.1/STM32CubeIDE/plugins/com.st.stm32cube.ide.mcu.externaltools.gnu-tools-for-stm32.11.3.rel1.win32_1.1.0.202305231506/tools/bin/../lib/gcc/arm-none-eabi/11.3.1/../../../../arm-none-eabi/lib/thumb/v7e-m+fp/hard\libc_nano.a(libc_a-memchr.o)
                0x00000000080001e0                memchr
 .text          0x0000000008000280       0x30 C:/ST/STM32CubeIDE_1.12.1/STM32CubeIDE/plugins/com.st.stm32cube.ide.mcu.externaltools.gnu-tools-for-stm32.11.3.rel1.win32_1.1.0.202305231506/tools/bin/../lib/gcc/arm-none-eabi/11.3.1/thumb/v7e-m+fp/hard\libgcc.a(_aeabi_uldivmod.o)
                0x0000000008000280                __aeabi_uldivmod
 .text          0x00000000080002b0      0x2c8 C:/ST/STM32CubeIDE_1.12.1/STM32CubeIDE/plugins/com.st.stm32cube.ide.mcu.externaltools.gnu-tools-for-stm32.11.3.rel1.win32_1.1.0.202305231506/tools/bin/../lib/gcc/arm-none-eabi/11.3.1/thumb/v7e-m+fp/hard\libgcc.a(_udivmoddi4.o)
                0x00000000080002b0                __udivmoddi4
 .text          0x0000000008000578        0x4 C:/ST/STM32CubeIDE_1.12.1/STM32CubeIDE/plugins/com.st.stm32cube.ide.mcu.externaltools.gnu-tools-for-stm32.11.3.rel1.win32_1.1.0.202305231506/tools/bin/../lib/gcc/arm-none-eabi/11.3.1/thumb/v7e-m+fp/hard\libgcc.a(_dvmd_tls.o)
                0x0000000008000578                __aeabi_idiv0
                0x0000000008000578                __aeabi_ldiv0
 *(.text*)
 .text.main     0x000000000800057c       0x9c ./Core/Src/main.o
                0x000000000800057c                main
 .text.SystemClock_Config
                0x0000000008000618       0xd4 ./Core/Src/main.o
                0x0000000008000618                SystemClock_Config
 .text.MX_USART2_UART_Init
                0x00000000080006ec       0x54 ./Core/Src/main.o
 .text.MX_GPIO_Init
                0x0000000008000740      0x28c ./Core/Src/main.o
 .text.button_interrupt_handler
                0x00000000080009cc       0x74 ./Core/Src/main.o
                0x00000000080009cc                button_interrupt_handler
 .text.vQueueTask
                0x0000000008000a40       0x64 ./Core/Src/main.o
                0x0000000008000a40                vQueueTask
 .text.vCountSemTask
                0x0000000008000aa4       0x54 ./Core/Src/main.o
                0x0000000008000aa4                vCountSemTask
 .text.vNotifyTask
                0x0000000008000af8       0x48 ./Core/Src/main.o
                0x0000000008000af8                vNotifyTask
 .text.HAL_TIM_PeriodElapsedCallback
                0x0000000008000b40       0x24 ./Core/Src/main.o
                0x0000000008000b40                HAL_TIM_PeriodElapsedCallback
 .text.Error_Handler
                0x0000000008000b64        0xa ./Core/Src/main.o
                0x0000000008000b64                Error_Handler
 *fill*         0x0000000008000b6e        0x2 
 .text.HAL_MspInit
                0x0000000008000b70       0x50 ./Core/Src/stm32f4xx_hal_msp.o
                0x0000000008000b70                HAL_MspInit
 .text.HAL_UART_MspInit
                0x0000000008000bc0       0x90 ./Core/Src/stm32f4xx_hal_msp.o
                0x0000000008000bc0                HAL_UART_MspInit
 .text.HAL_InitTick
                0x0000000008000c50       0xf8 ./Core/Src/stm32f4xx_hal_timebase_tim.o
                0x0000000008000c50                HAL_InitTick
 .text.NMI_Handler
                0x0000000008000d48        0x6 ./Core/Src/stm32f4xx_it.o
                0x0000000008000d48                NMI_Handler
 .text.HardFault_Handler
                0x0000000008000d4e        0x6 ./Core/Src/stm32f4xx_it.o
                0x0000000008000d4e                HardFault_Handler
 .text.MemManage_Handler
                0x0000000008000d54        0x6 ./Core/Src/stm32f4xx_it.o
                0x0000000008000d54                MemManage_Handler
 .text.BusFault_Handler
                0x0000000008000d5a        0x6 ./Core/Src/stm32f4xx_it.o
                0x0000000008000d5a                BusFault_Handler
 .text.UsageFault_Handler
                0x0000000008000d60        0x6 ./Core/Src/stm32f4xx_it.o
                0x0000000008000d60                UsageFault_Handler
 .text.DebugMon_Handler
                0x0000000008000d66        0xe ./Core/Src/stm32f4xx_it.o
                0x0000000008000d66                DebugMon_Handler
 .text.EXTI0_IRQHandler
                0x0000000008000d74       0x12 ./Core/Src/stm32f4xx_it.o
                0x0000000008000d74                EXTI0_IRQHandler
 *fill*         0x0000000008000d86        0x2 
 .text.TIM6_DAC_IRQHandler
                0x0000000008000d88       0x14 ./Core/Src/stm32f4xx_it.o
                0x0000000008000d88                TIM6_DAC_IRQHandler
 .text._sbrk    0x0000000008000d9c       0x6c ./Core/Src/sysmem.o
                0x0000000008000d9c                _sbrk
 .text.SystemInit
                0x0000000008000e08       0x24 ./Core/Src/system_stm32f4xx.o
                0x0000000008000e08                SystemInit
 .text.Reset_Handler
                0x0000000008000e2c       0x50 ./Core/Startup/startup_stm32f407vgtx.o
                0x0000000008000e2c                Reset_Handler
 .text.Default_Handler
                0x0000000008000e7c        0x2 ./Core/Startup/startup_stm32f407vgtx.o
                0x0000000008000e7c                RTC_Alarm_IRQHandler
                0x0000000008000e7c                HASH_RNG_IRQHandler
                0x0000000008000e7c                EXTI2_IRQHandler
                0x0000000008000e7c                TIM8_CC_IRQHandler
                0x0000000008000e7c                TIM1_CC_IRQHandler
                0x0000000008000e7c                DMA2_Stream5_IRQHandler
                0x0000000008000e7c                DMA1_Stream5_IRQHandler
                0x0000000008000e7c                PVD_IRQHandler
                0x0000000008000e7c                SDIO_IRQHandler
                0x0000000008000e7c                TAMP_STAMP_IRQHandler
                0x0000000008000e7c                CAN2_RX1_IRQHandler
                0x0000000008000e7c                EXTI3_IRQHandler
                0x0000000008000e7c                TIM8_TRG_COM_TIM14_IRQHandler
                0x0000000008000e7c                TIM1_UP_TIM10_IRQHandler
                0x0000000008000e7c                TIM8_UP_TIM13_IRQHandler
                0x0000000008000e7c                I2C3_ER_IRQHandler
                0x0000000008000e7c                I2C2_EV_IRQHandler
                0x0000000008000e7c                DMA1_Stream2_IRQHandler
                0x0000000008000e7c                CAN1_RX0_IRQHandler
                0x0000000008000e7c                FPU_IRQHandler
                0x0000000008000e7c                OTG_HS_WKUP_IRQHandler
                0x0000000008000e7c                CAN2_SCE_IRQHandler
                0x0000000008000e7c                DMA2_Stream2_IRQHandler
                0x0000000008000e7c                SPI1_IRQHandler
                0x0000000008000e7c                TIM1_BRK_TIM9_IRQHandler
                0x0000000008000e7c                DCMI_IRQHandler
                0x0000000008000e7c                CAN2_RX0_IRQHandler
                0x0000000008000e7c                DMA2_Stream3_IRQHandler
                0x0000000008000e7c                USART6_IRQHandler
                0x0000000008000e7c                USART3_IRQHandler
                0x0000000008000e7c                CAN1_RX1_IRQHandler
                0x0000000008000e7c                UART5_IRQHandler
                0x0000000008000e7c                DMA2_Stream0_IRQHandler
                0x0000000008000e7c                TIM4_IRQHandler
                0x0000000008000e7c                I2C1_EV_IRQHandler
                0x0000000008000e7c                DMA1_Stream6_IRQHandler
                0x0000000008000e7c                DMA1_Stream1_IRQHandler
                0x0000000008000e7c                UART4_IRQHandler
                0x0000000008000e7c                TIM3_IRQHandler
                0x0000000008000e7c                RCC_IRQHandler
                0x0000000008000e7c                TIM8_BRK_TIM12_IRQHandler
                0x0000000008000e7c                Default_Handler
                0x0000000008000e7c                EXTI15_10_IRQHandler
                0x0000000008000e7c                ADC_IRQHandler
                0x0000000008000e7c                DMA1_Stream7_IRQHandler
                0x0000000008000e7c                TIM7_IRQHandler
                0x0000000008000e7c                CAN2_TX_IRQHandler
                0x0000000008000e7c                TIM5_IRQHandler
                0x0000000008000e7c                DMA2_Stream7_IRQHandler
                0x0000000008000e7c                I2C3_EV_IRQHandler
                0x0000000008000e7c                EXTI9_5_IRQHandler
                0x0000000008000e7c                RTC_WKUP_IRQHandler
                0x0000000008000e7c                ETH_WKUP_IRQHandler
                0x0000000008000e7c                SPI2_IRQHandler
                0x0000000008000e7c                OTG_HS_EP1_IN_IRQHandler
                0x0000000008000e7c                DMA1_Stream0_IRQHandler
                0x0000000008000e7c                CAN1_TX_IRQHandler
                0x0000000008000e7c                EXTI4_IRQHandler
                0x0000000008000e7c                FSMC_IRQHandler
                0x0000000008000e7c                ETH_IRQHandler
                0x0000000008000e7c                OTG_HS_EP1_OUT_IRQHandler
                0x0000000008000e7c                WWDG_IRQHandler
                0x0000000008000e7c                TIM2_IRQHandler
                0x0000000008000e7c                OTG_FS_WKUP_IRQHandler
                0x0000000008000e7c                TIM1_TRG_COM_TIM11_IRQHandler
                0x0000000008000e7c                OTG_HS_IRQHandler
                0x0000000008000e7c                EXTI1_IRQHandler
                0x0000000008000e7c                USART2_IRQHandler
                0x0000000008000e7c                I2C2_ER_IRQHandler
                0x0000000008000e7c                DMA2_Stream1_IRQHandler
                0x0000000008000e7c                CAN1_SCE_IRQHandler
                0x0000000008000e7c                FLASH_IRQHandler
                0x0000000008000e7c                DMA2_Stream4_IRQHandler
                0x0000000008000e7c                USART1_IRQHandler
                0x0000000008000e7c                OTG_FS_IRQHandler
                0x0000000008000e7c                SPI3_IRQHandler
                0x0000000008000e7c                DMA1_Stream4_IRQHandler
                0x0000000008000e7c                I2C1_ER_IRQHandler
                0x0000000008000e7c                DMA2_Stream6_IRQHandler
                0x0000000008000e7c                DMA1_Stream3_IRQHandler
 *fill*         0x0000000008000e7e        0x2 
 .text.HAL_Init
                0x0000000008000e80       0x44 ./Drivers/STM32F4xx_HAL_Driver/Src/stm32f4xx_hal.o
                0x0000000008000e80                HAL_Init
 .text.HAL_IncTick
                0x0000000008000ec4       0x28 ./Drivers/STM32F4xx_HAL_Driver/Src/stm32f4xx_hal.o
                0x0000000008000ec4                HAL_IncTick
 .text.HAL_GetTick
                0x0000000008000eec       0x18 ./Drivers/STM32F4xx_HAL_Driver/Src/stm32f4xx_hal.o
                0x0000000008000eec                HAL_GetTick
 .text.__NVIC_SetPriorityGrouping
                0x0000000008000f04       0x48 ./Drivers/STM32F4xx_HAL_Driver/Src/stm32f4xx_hal_cortex.o
 .text.__NVIC_GetPriorityGrouping
                0x0000000008000f4c       0x1c ./Drivers/STM32F4xx_HAL_Driver/Src/stm32f4xx_hal_cortex.o
 .text.__NVIC_EnableIRQ
                0x0000000008000f68       0x3c ./Drivers/STM32F4xx_HAL_Driver/Src/stm32f4xx_hal_cortex.o
 .text.__NVIC_SetPriority
                0x0000000008000fa4       0x54 ./Drivers/STM32F4xx_HAL_Driver/Src/stm32f4xx_hal_cortex.o
 .text.NVIC_EncodePriority
                0x0000000008000ff8       0x66 ./Drivers/STM32F4xx_HAL_Driver/Src/stm32f4xx_hal_cortex.o
 .text.HAL_NVIC_SetPriorityGrouping
                0x000000000800105e       0x16 ./Drivers/STM32F4xx_HAL_Driver/Src/stm32f4xx_hal_cortex.o
                0x000000000800105e                HAL_NVIC_SetPriorityGrouping
 .text.HAL_NVIC_SetPriority
                0x0000000008001074       0x38 ./Drivers/STM32F4xx_HAL_Driver/Src/stm32f4xx_hal_cortex.o
                0x0000000008001074                HAL_NVIC_SetPriority
 .text.HAL_NVIC_EnableIRQ
                0x00000000080010ac       0x1c ./Drivers/STM32F4xx_HAL_Driver/Src/stm32f4xx_hal_cortex.o
                0x00000000080010ac                HAL_NVIC_EnableIRQ
 .text.HAL_GPIO_Init
                0x00000000080010c8      0x338 ./Drivers/STM32F4xx_HAL_Driver/Src/stm32f4xx_hal_gpio.o
                0x00000000080010c8                HAL_GPIO_Init
 .text.HAL_GPIO_WritePin
                0x0000000008001400       0x32 ./Drivers/STM32F4xx_HAL_Driver/Src/stm32f4xx_hal_gpio.o
                0x0000000008001400                HAL_GPIO_WritePin
 *fill*         0x0000000008001432        0x2 
 .text.HAL_GPIO_EXTI_IRQHandler
                0x0000000008001434       0x30 ./Drivers/STM32F4xx_HAL_Driver/Src/stm32f4xx_hal_gpio.o
                0x0000000008001434                HAL_GPIO_EXTI_IRQHandler
 .text.HAL_GPIO_EXTI_Callback
                0x0000000008001464       0x16 ./Drivers/STM32F4xx_HAL_Driver/Src/stm32f4xx_hal_gpio.o
                0x0000000008001464                HAL_GPIO_EXTI_Callback
 *fill*         0x000000000800147a        0x2 
 .text.HAL_RCC_OscConfig
                0x000000000800147c      0x4f0 ./Drivers/STM32F4xx_HAL_Driver/Src/stm32f4xx_hal_rcc.o
                0x000000000800147c                HAL_RCC_OscConfig
 .text.HAL_RCC_ClockConfig
                0x000000000800196c      0x1cc ./Drivers/STM32F4xx_HAL_Driver/Src/stm32f4xx_hal_rcc.o
                0x000000000800196c                HAL_RCC_ClockConfig
 .text.HAL_RCC_GetSysClockFreq
                0x0000000008001b38      0x20c ./Drivers/STM32F4xx_HAL_Driver/Src/stm32f4xx_hal_rcc.o
                0x0000000008001b38                HAL_RCC_GetSysClockFreq
 .text.HAL_RCC_GetHCLKFreq
                0x0000000008001d44       0x18 ./Drivers/STM32F4xx_HAL_Driver/Src/stm32f4xx_hal_rcc.o
                0x0000000008001d44                HAL_RCC_GetHCLKFreq
 .text.HAL_RCC_GetPCLK1Freq
                0x0000000008001d5c       0x28 ./Drivers/STM32F4xx_HAL_Driver/Src/stm32f4xx_hal_rcc.o
                0x0000000008001d5c                HAL_RCC_GetPCLK1Freq
 .text.HAL_RCC_GetPCLK2Freq
                0x0000000008001d84       0x28 ./Drivers/STM32F4xx_HAL_Driver/Src/stm32f4xx_hal_rcc.o
                0x0000000008001d84                HAL_RCC_GetPCLK2Freq
 .text.HAL_RCC_GetClockConfig
                0x0000000008001dac       0x64 ./Drivers/STM32F4xx_HAL_Driver/Src/stm32f4xx_hal_rcc.o
                0x0000000008001dac                HAL_RCC_GetClockConfig
 .text.HAL_TIM_Base_Init
                0x0000000008001e10       0x9e ./Drivers/STM32F4xx_HAL_Driver/Src/stm32f4xx_hal_tim.o
                0x0000000008001e10                HAL_TIM_Base_Init
 .text.HAL_TIM_Base_MspInit
                0x0000000008001eae       0x14 ./Drivers/STM32F4xx_HAL_Driver/Src/stm32f4xx_hal_tim.o
                0x0000000008001eae                HAL_TIM_Base_MspInit
 *fill*         0x0000000008001ec2        0x2 
 .text.HAL_TIM_Base_Start_IT
                0x0000000008001ec4       0xe0 ./Drivers/STM32F4xx_HAL_Driver/Src/stm32f4xx_hal_tim.o
                0x0000000008001ec4                HAL_TIM_Base_Start_IT
 .text.HAL_TIM_IRQHandler
                0x0000000008001fa4      0x210 ./Drivers/STM32F4xx_HAL_Driver/Src/stm32f4xx_hal_tim.o
                0x0000000008001fa4                HAL_TIM_IRQHandler
 .text.HAL_TIM_OC_DelayElapsedCallback
                0x00000000080021b4       0x14 ./Drivers/STM32F4xx_HAL_Driver/Src/stm32f4xx_hal_tim.o
                0x00000000080021b4                HAL_TIM_OC_DelayElapsedCallback
 .text.HAL_TIM_IC_CaptureCallback
                0x00000000080021c8       0x14 ./Drivers/STM32F4xx_HAL_Driver/Src/stm32f4xx_hal_tim.o
                0x00000000080021c8                HAL_TIM_IC_CaptureCallback
 .text.HAL_TIM_PWM_PulseFinishedCallback
                0x00000000080021dc       0x14 ./Drivers/STM32F4xx_HAL_Driver/Src/stm32f4xx_hal_tim.o
                0x00000000080021dc                HAL_TIM_PWM_PulseFinishedCallback
 .text.HAL_TIM_TriggerCallback
                0x00000000080021f0       0x14 ./Drivers/STM32F4xx_HAL_Driver/Src/stm32f4xx_hal_tim.o
                0x00000000080021f0                HAL_TIM_TriggerCallback
 .text.TIM_Base_SetConfig
                0x0000000008002204      0x140 ./Drivers/STM32F4xx_HAL_Driver/Src/stm32f4xx_hal_tim.o
                0x0000000008002204                TIM_Base_SetConfig
 .text.HAL_TIMEx_CommutCallback
                0x0000000008002344       0x14 ./Drivers/STM32F4xx_HAL_Driver/Src/stm32f4xx_hal_tim_ex.o
                0x0000000008002344                HAL_TIMEx_CommutCallback
 .text.HAL_TIMEx_BreakCallback
                0x0000000008002358       0x14 ./Drivers/STM32F4xx_HAL_Driver/Src/stm32f4xx_hal_tim_ex.o
                0x0000000008002358                HAL_TIMEx_BreakCallback
 .text.HAL_UART_Init
                0x000000000800236c       0x9a ./Drivers/STM32F4xx_HAL_Driver/Src/stm32f4xx_hal_uart.o
                0x000000000800236c                HAL_UART_Init
 .text.HAL_UART_Transmit
                0x0000000008002406      0x124 ./Drivers/STM32F4xx_HAL_Driver/Src/stm32f4xx_hal_uart.o
                0x0000000008002406                HAL_UART_Transmit
 .text.UART_WaitOnFlagUntilTimeout
                0x000000000800252a       0xdc ./Drivers/STM32F4xx_HAL_Driver/Src/stm32f4xx_hal_uart.o
 *fill*         0x0000000008002606        0x2 
 .text.UART_SetConfig
                0x0000000008002608      0x4e8 ./Drivers/STM32F4xx_HAL_Driver/Src/stm32f4xx_hal_uart.o
 .text.vListInitialise
                0x0000000008002af0       0x40 ./common/ThirdParty/FreeRTOS/list.o
                0x0000000008002af0                vListInitialise
 .text.vListInitialiseItem
                0x0000000008002b30       0x1a ./common/ThirdParty/FreeRTOS/list.o
                0x0000000008002b30                vListInitialiseItem
 .text.vListInsert
                0x0000000008002b4a       0x72 ./common/ThirdParty/FreeRTOS/list.o
                0x0000000008002b4a                vListInsert
 .text.uxListRemove
                0x0000000008002bbc       0x54 ./common/ThirdParty/FreeRTOS/list.o
                0x0000000008002bbc                uxListRemove
 .text.xQueueGenericReset
                0x0000000008002c10      0x120 ./common/ThirdParty/FreeRTOS/queue.o
                0x0000000008002c10                xQueueGenericReset
 .text.xQueueGenericCreate
                0x0000000008002d30       0x9c ./common/ThirdParty/FreeRTOS/queue.o
                0x0000000008002d30                xQueueGenericCreate
 .text.prvInitialiseNewQueue
                0x0000000008002dcc       0x46 ./common/ThirdParty/FreeRTOS/queue.o
 .text.xQueueCreateCountingSemaphore
                0x0000000008002e12       0x5c ./common/ThirdParty/FreeRTOS/queue.o
                0x0000000008002e12                xQueueCreateCountingSemaphore
 .text.xQueueGenericSendFromISR
                0x0000000008002e6e      0x164 ./common/ThirdParty/FreeRTOS/queue.o
                0x0000000008002e6e                xQueueGenericSendFromISR
 .text.xQueueGiveFromISR
                0x0000000008002fd2      0x148 ./common/ThirdParty/FreeRTOS/queue.o
                0x0000000008002fd2                xQueueGiveFromISR
 *fill*         0x000000000800311a        0x2 
 .text.xQueueReceive
                0x000000000800311c      0x1c0 ./common/ThirdParty/FreeRTOS/queue.o
                0x000000000800311c                xQueueReceive
 .text.xQueueSemaphoreTake
                0x00000000080032dc      0x1fc ./common/ThirdParty/FreeRTOS/queue.o
                0x00000000080032dc                xQueueSemaphoreTake
 .text.prvGetDisinheritPriorityAfterTimeout
                0x00000000080034d8       0x30 ./common/ThirdParty/FreeRTOS/queue.o
 .text.prvCopyDataToQueue
                0x0000000008003508       0xd4 ./common/ThirdParty/FreeRTOS/queue.o
 .text.prvCopyDataFromQueue
                0x00000000080035dc       0x4c ./common/ThirdParty/FreeRTOS/queue.o
 .text.prvUnlockQueue
                0x0000000008003628       0xa4 ./common/ThirdParty/FreeRTOS/queue.o
 .text.prvIsQueueEmpty
                0x00000000080036cc       0x2c ./common/ThirdParty/FreeRTOS/queue.o
 .text.vQueueAddToRegistry
                0x00000000080036f8       0x9c ./common/ThirdParty/FreeRTOS/queue.o
                0x00000000080036f8                vQueueAddToRegistry
 .text.vQueueWaitForMessageRestricted
                0x0000000008003794       0x68 ./common/ThirdParty/FreeRTOS/queue.o
                0x0000000008003794                vQueueWaitForMessageRestricted
 .text.xTaskCreate
                0x00000000080037fc       0x8c ./common/ThirdParty/FreeRTOS/tasks.o
                0x00000000080037fc                xTaskCreate
 .text.prvInitialiseNewTask
                0x0000000008003888      0x11c ./common/ThirdParty/FreeRTOS/tasks.o
 .text.prvAddNewTaskToReadyList
                0x00000000080039a4      0x12c ./common/ThirdParty/FreeRTOS/tasks.o
 .text.vTaskStartScheduler
                0x0000000008003ad0       0xa4 ./common/ThirdParty/FreeRTOS/tasks.o
                0x0000000008003ad0                vTaskStartScheduler
 .text.vTaskSuspendAll
                0x0000000008003b74       0x1c ./common/ThirdParty/FreeRTOS/tasks.o
                0x0000000008003b74                vTaskSuspendAll
 .text.xTaskResumeAll
                0x0000000008003b90      0x1f8 ./common/ThirdParty/FreeRTOS/tasks.o
                0x0000000008003b90                xTaskResumeAll
 .text.xTaskGetTickCount
                0x0000000008003d88       0x20 ./common/ThirdParty/FreeRTOS/tasks.o
                0x0000000008003d88                xTaskGetTickCount
 .text.uxTaskGetNumberOfTasks
                0x0000000008003da8       0x18 ./common/ThirdParty/FreeRTOS/tasks.o
                0x0000000008003da8                uxTaskGetNumberOfTasks
 .text.xTaskIncrementTick
                0x0000000008003dc0      0x22c ./common/ThirdParty/FreeRTOS/tasks.o
                0x0000000008003dc0                xTaskIncrementTick
 .text.vTaskSwitchContext
                0x0000000008003fec       0xb8 ./common/ThirdParty/FreeRTOS/tasks.o
                0x0000000008003fec                vTaskSwitchContext
 .text.vTaskPlaceOnEventList
                0x00000000080040a4       0x48 ./common/ThirdParty/FreeRTOS/tasks.o
                0x00000000080040a4                vTaskPlaceOnEventList
 .text.vTaskPlaceOnEventListRestricted
                0x00000000080040ec       0x8c ./common/ThirdParty/FreeRTOS/tasks.o
                0x00000000080040ec                vTaskPlaceOnEventListRestricted
 .text.xTaskRemoveFromEventList
                0x0000000008004178      0x1ac ./common/ThirdParty/FreeRTOS/tasks.o
                0x0000000008004178                xTaskRemoveFromEventList
 .text.vTaskInternalSetTimeOutState
                0x0000000008004324       0x2c ./common/ThirdParty/FreeRTOS/tasks.o
                0x0000000008004324                vTaskInternalSetTimeOutState
 .text.xTaskCheckForTimeOut
                0x0000000008004350       0xcc ./common/ThirdParty/FreeRTOS/tasks.o
                0x0000000008004350                xTaskCheckForTimeOut
 .text.vTaskMissedYield
                0x000000000800441c       0x18 ./common/ThirdParty/FreeRTOS/tasks.o
                0x000000000800441c                vTaskMissedYield
 .text.prvIdleTask
                0x0000000008004434       0x30 ./common/ThirdParty/FreeRTOS/tasks.o
 .text.prvInitialiseTaskLists
                0x0000000008004464       0x80 ./common/ThirdParty/FreeRTOS/tasks.o
 .text.prvCheckTasksWaitingTermination
                0x00000000080044e4       0x5c ./common/ThirdParty/FreeRTOS/tasks.o
 .text.prvDeleteTCB
                0x0000000008004540       0x20 ./common/ThirdParty/FreeRTOS/tasks.o
 .text.prvResetNextTaskUnblockTime
                0x0000000008004560       0x38 ./common/ThirdParty/FreeRTOS/tasks.o
 .text.xTaskGetSchedulerState
                0x0000000008004598       0x3c ./common/ThirdParty/FreeRTOS/tasks.o
                0x0000000008004598                xTaskGetSchedulerState
 .text.xTaskPriorityInherit
                0x00000000080045d4      0x13c ./common/ThirdParty/FreeRTOS/tasks.o
                0x00000000080045d4                xTaskPriorityInherit
 .text.xTaskPriorityDisinherit
                0x0000000008004710      0x148 ./common/ThirdParty/FreeRTOS/tasks.o
                0x0000000008004710                xTaskPriorityDisinherit
 .text.vTaskPriorityDisinheritAfterTimeout
                0x0000000008004858      0x170 ./common/ThirdParty/FreeRTOS/tasks.o
                0x0000000008004858                vTaskPriorityDisinheritAfterTimeout
 .text.pvTaskIncrementMutexHeldCount
                0x00000000080049c8       0x28 ./common/ThirdParty/FreeRTOS/tasks.o
                0x00000000080049c8                pvTaskIncrementMutexHeldCount
 .text.ulTaskGenericNotifyTake
                0x00000000080049f0       0xd0 ./common/ThirdParty/FreeRTOS/tasks.o
                0x00000000080049f0                ulTaskGenericNotifyTake
 .text.vTaskGenericNotifyGiveFromISR
                0x0000000008004ac0      0x20c ./common/ThirdParty/FreeRTOS/tasks.o
                0x0000000008004ac0                vTaskGenericNotifyGiveFromISR
 .text.prvAddCurrentTaskToDelayedList
                0x0000000008004ccc      0x100 ./common/ThirdParty/FreeRTOS/tasks.o
 .text.xTimerCreateTimerTask
                0x0000000008004dcc       0x64 ./common/ThirdParty/FreeRTOS/timers.o
                0x0000000008004dcc                xTimerCreateTimerTask
 .text.prvReloadTimer
                0x0000000008004e30       0x42 ./common/ThirdParty/FreeRTOS/timers.o
 *fill*         0x0000000008004e72        0x2 
 .text.prvProcessExpiredTimer
                0x0000000008004e74       0x60 ./common/ThirdParty/FreeRTOS/timers.o
 .text.prvTimerTask
                0x0000000008004ed4       0x24 ./common/ThirdParty/FreeRTOS/timers.o
 .text.prvProcessTimerOrBlockTask
                0x0000000008004ef8       0x9c ./common/ThirdParty/FreeRTOS/timers.o
 .text.prvGetNextExpireTime
                0x0000000008004f94       0x48 ./common/ThirdParty/FreeRTOS/timers.o
 .text.prvSampleTimeNow
                0x0000000008004fdc       0x40 ./common/ThirdParty/FreeRTOS/timers.o
 .text.prvInsertTimerInActiveList
                0x000000000800501c       0x84 ./common/ThirdParty/FreeRTOS/timers.o
 .text.prvProcessReceivedCommands
                0x00000000080050a0      0x17c ./common/ThirdParty/FreeRTOS/timers.o
 .text.prvSwitchTimerLists
                0x000000000800521c       0x4c ./common/ThirdParty/FreeRTOS/timers.o
 .text.prvCheckForValidListAndQueue
                0x0000000008005268       0x6c ./common/ThirdParty/FreeRTOS/timers.o
 .text.pxPortInitialiseStack
                0x00000000080052d4       0x68 ./common/ThirdParty/FreeRTOS/portable/GCC/ARM_CM4F/port.o
                0x00000000080052d4                pxPortInitialiseStack
 .text.prvTaskExitError
                0x000000000800533c       0x58 ./common/ThirdParty/FreeRTOS/portable/GCC/ARM_CM4F/port.o
 *fill*         0x0000000008005394        0xc 
 .text.SVC_Handler
                0x00000000080053a0       0x28 ./common/ThirdParty/FreeRTOS/portable/GCC/ARM_CM4F/port.o
                0x00000000080053a0                SVC_Handler
 .text.prvPortStartFirstTask
                0x00000000080053c8       0x2c ./common/ThirdParty/FreeRTOS/portable/GCC/ARM_CM4F/port.o
 .text.xPortStartScheduler
                0x00000000080053f4      0x144 ./common/ThirdParty/FreeRTOS/portable/GCC/ARM_CM4F/port.o
                0x00000000080053f4                xPortStartScheduler
 .text.vPortEnterCritical
                0x0000000008005538       0x60 ./common/ThirdParty/FreeRTOS/portable/GCC/ARM_CM4F/port.o
                0x0000000008005538                vPortEnterCritical
 .text.vPortExitCritical
                0x0000000008005598       0x54 ./common/ThirdParty/FreeRTOS/portable/GCC/ARM_CM4F/port.o
                0x0000000008005598                vPortExitCritical
 *fill*         0x00000000080055ec        0x4 
 .text.PendSV_Handler
                0x00000000080055f0       0x68 ./common/ThirdParty/FreeRTOS/portable/GCC/ARM_CM4F/port.o
                0x00000000080055f0                PendSV_Handler
 .text.SysTick_Handler
                0x0000000008005658       0x44 ./common/ThirdParty/FreeRTOS/portable/GCC/ARM_CM4F/port.o
                0x0000000008005658                SysTick_Handler
 .text.vPortSetupTimerInterrupt
                0x000000000800569c       0x48 ./common/ThirdParty/FreeRTOS/portable/GCC/ARM_CM4F/port.o
                0x000000000800569c                vPortSetupTimerInterrupt
 .text.vPortEnableVFP
                0x00000000080056e4       0x18 ./common/ThirdParty/FreeRTOS/portable/GCC/ARM_CM4F/port.o
 .text.vPortValidateInterruptPriority
                0x00000000080056fc       0x80 ./common/ThirdParty/FreeRTOS/portable/GCC/ARM_CM4F/port.o
                0x00000000080056fc                vPortValidateInterruptPriority
 .text.pvPortMalloc
                0x000000000800577c      0x174 ./common/ThirdParty/FreeRTOS/portable/MemMang/heap_4.o
                0x000000000800577c                pvPortMalloc
 .text.vPortFree
                0x00000000080058f0       0xb8 ./common/ThirdParty/FreeRTOS/portable/MemMang/heap_4.o
                0x00000000080058f0                vPortFree
 .text.prvHeapInit
                0x00000000080059a8       0xb8 ./common/ThirdParty/FreeRTOS/portable/MemMang/heap_4.o
 .text.prvInsertBlockIntoFreeList
                0x0000000008005a60       0xb4 ./common/ThirdParty/FreeRTOS/portable/MemMang/heap_4.o
 .text.sprintf  0x0000000008005b14       0x40 C:/ST/STM32CubeIDE_1.12.1/STM32CubeIDE/plugins/com.st.stm32cube.ide.mcu.externaltools.gnu-tools-for-stm32.11.3.rel1.win32_1.1.0.202305231506/tools/bin/../lib/gcc/arm-none-eabi/11.3.1/../../../../arm-none-eabi/lib/thumb/v7e-m+fp/hard\libc_nano.a(libc_a-sprintf.o)
                0x0000000008005b14                siprintf
                0x0000000008005b14                sprintf
 .text.memset   0x0000000008005b54       0x10 C:/ST/STM32CubeIDE_1.12.1/STM32CubeIDE/plugins/com.st.stm32cube.ide.mcu.externaltools.gnu-tools-for-stm32.11.3.rel1.win32_1.1.0.202305231506/tools/bin/../lib/gcc/arm-none-eabi/11.3.1/../../../../arm-none-eabi/lib/thumb/v7e-m+fp/hard\libc_nano.a(libc_a-memset.o)
                0x0000000008005b54                memset
 .text.__errno  0x0000000008005b64        0xc C:/ST/STM32CubeIDE_1.12.1/STM32CubeIDE/plugins/com.st.stm32cube.ide.mcu.externaltools.gnu-tools-for-stm32.11.3.rel1.win32_1.1.0.202305231506/tools/bin/../lib/gcc/arm-none-eabi/11.3.1/../../../../arm-none-eabi/lib/thumb/v7e-m+fp/hard\libc_nano.a(libc_a-errno.o)
                0x0000000008005b64                __errno
 .text.__libc_init_array
                0x0000000008005b70       0x48 C:/ST/STM32CubeIDE_1.12.1/STM32CubeIDE/plugins/com.st.stm32cube.ide.mcu.externaltools.gnu-tools-for-stm32.11.3.rel1.win32_1.1.0.202305231506/tools/bin/../lib/gcc/arm-none-eabi/11.3.1/../../../../arm-none-eabi/lib/thumb/v7e-m+fp/hard\libc_nano.a(libc_a-init.o)
                0x0000000008005b70                __libc_init_array
 .text.__retarget_lock_acquire_recursive
                0x0000000008005bb8        0x2 C:/ST/STM32CubeIDE_1.12.1/STM32CubeIDE/plugins/com.st.stm32cube.ide.mcu.externaltools.gnu-tools-for-stm32.11.3.rel1.win32_1.1.0.202305231506/tools/bin/../lib/gcc/arm-none-eabi/11.3.1/../../../../arm-none-eabi/lib/thumb/v7e-m+fp/hard\libc_nano.a(libc_a-lock.o)
                0x0000000008005bb8                __retarget_lock_acquire_recursive
 .text.__retarget_lock_release_recursive
                0x0000000008005bba        0x2 C:/ST/STM32CubeIDE_1.12.1/STM32CubeIDE/plugins/com.st.stm32cube.ide.mcu.externaltools.gnu-tools-for-stm32.11.3.rel1.win32_1.1.0.202305231506/tools/bin/../lib/gcc/arm-none-eabi/11.3.1/../../../../arm-none-eabi/lib/thumb/v7e-m+fp/hard\libc_nano.a(libc_a-lock.o)
                0x0000000008005bba                __retarget_lock_release_recursive
 .text.memcpy   0x0000000008005bbc       0x1c C:/ST/STM32CubeIDE_1.12.1/STM32CubeIDE/plugins/com.st.stm32cube.ide.mcu.externaltools.gnu-tools-for-stm32.11.3.rel1.win32_1.1.0.202305231506/tools/bin/../lib/gcc/arm-none-eabi/11.3.1/../../../../arm-none-eabi/lib/thumb/v7e-m+fp/hard\libc_nano.a(libc_a-memcpy-stub.o)
                0x0000000008005bbc                memcpy
 .text._free_r  0x0000000008005bd8       0x98 C:/ST/STM32CubeIDE_1.12.1/STM32CubeIDE/plugins/com.st.stm32cube.ide.mcu.externaltools.gnu-tools-for-stm32.11.3.rel1.win32_1.1.0.202305231506/tools/bin/../lib/gcc/arm-none-eabi/11.3.1/../../../../arm-none-eabi/lib/thumb/v7e-m+fp/hard\libc_nano.a(libc_a-freer.o)
                0x0000000008005bd8                _free_r
 .text.sbrk_aligned
                0x0000000008005c70       0x40 C:/ST/STM32CubeIDE_1.12.1/STM32CubeIDE/plugins/com.st.stm32cube.ide.mcu.externaltools.gnu-tools-for-stm32.11.3.rel1.win32_1.1.0.202305231506/tools/bin/../lib/gcc/arm-none-eabi/11.3.1/../../../../arm-none-eabi/lib/thumb/v7e-m+fp/hard\libc_nano.a(libc_a-mallocr.o)
 .text._malloc_r
                0x0000000008005cb0      0x100 C:/ST/STM32CubeIDE_1.12.1/STM32CubeIDE/plugins/com.st.stm32cube.ide.mcu.externaltools.gnu-tools-for-stm32.11.3.rel1.win32_1.1.0.202305231506/tools/bin/../lib/gcc/arm-none-eabi/11.3.1/../../../../arm-none-eabi/lib/thumb/v7e-m+fp/hard\libc_nano.a(libc_a-mallocr.o)
                0x0000000008005cb0                _malloc_r
 .text.__malloc_lock
                0x0000000008005db0        0xc C:/ST/STM32CubeIDE_1.12.1/STM32CubeIDE/plugins/com.st.stm32cube.ide.mcu.externaltools.gnu-tools-for-stm32.11.3.rel1.win32_1.1.0.202305231506/tools/bin/../lib/gcc/arm-none-eabi/11.3.1/../../../../arm-none-eabi/lib/thumb/v7e-m+fp/hard\libc_nano.a(libc_a-mlock.o)
                0x0000000008005db0                __malloc_lock
 .text.__malloc_unlock
                0x0000000008005dbc        0xc C:/ST/STM32CubeIDE_1.12.1/STM32CubeIDE/plugins/com.st.stm32cube.ide.mcu.externaltools.gnu-tools-for-stm32.11.3.rel1.win32_1.1.0.202305231506/tools/bin/../lib/gcc/arm-none-eabi/11.3.1/../../../../arm-none-eabi/lib/thumb/v7e-m+fp/hard\libc_nano.a(libc_a-mlock.o)
                0x0000000008005dbc                __malloc_unlock
 .text.__ssputs_r
                0x0000000008005dc8       0xb4 C:/ST/STM32CubeIDE_1.12.1/STM32CubeIDE/plugins/com.st.stm32cube.ide.mcu.externaltools.gnu-tools-for-stm32.11.3.rel1.win32_1.1.0.202305231506/tools/bin/../lib/gcc/arm-none-eabi/11.3.1/../../../../arm-none-eabi/lib/thumb/v7e-m+fp/hard\libc_nano.a(libc_a-nano-svfprintf.o)
                0x0000000008005dc8                __ssputs_r
 .text._svfprintf_r
                0x0000000008005e7c      0x1fc C:/ST/STM32CubeIDE_1.12.1/STM32CubeIDE/plugins/com.st.stm32cube.ide.mcu.externaltools.gnu-tools-for-stm32.11.3.rel1.win32_1.1.0.202305231506/tools/bin/../lib/gcc/arm-none-eabi/11.3.1/../../../../arm-none-eabi/lib/thumb/v7e-m+fp/hard\libc_nano.a(libc_a-nano-svfprintf.o)
                0x0000000008005e7c                _svfiprintf_r
                0x0000000008005e7c                _svfprintf_r
 .text._printf_common
                0x0000000008006078       0xda C:/ST/STM32CubeIDE_1.12.1/STM32CubeIDE/plugins/com.st.stm32cube.ide.mcu.externaltools.gnu-tools-for-stm32.11.3.rel1.win32_1.1.0.202305231506/tools/bin/../lib/gcc/arm-none-eabi/11.3.1/../../../../arm-none-eabi/lib/thumb/v7e-m+fp/hard\libc_nano.a(libc_a-nano-vfprintf_i.o)
                0x0000000008006078                _printf_common
 *fill*         0x0000000008006152        0x2 
 .text._printf_i
                0x0000000008006154      0x244 C:/ST/STM32CubeIDE_1.12.1/STM32CubeIDE/plugins/com.st.stm32cube.ide.mcu.externaltools.gnu-tools-for-stm32.11.3.rel1.win32_1.1.0.202305231506/tools/bin/../lib/gcc/arm-none-eabi/11.3.1/../../../../arm-none-eabi/lib/thumb/v7e-m+fp/hard\libc_nano.a(libc_a-nano-vfprintf_i.o)
                0x0000000008006154                _printf_i
 .text.memmove  0x0000000008006398       0x34 C:/ST/STM32CubeIDE_1.12.1/STM32CubeIDE/plugins/com.st.stm32cube.ide.mcu.externaltools.gnu-tools-for-stm32.11.3.rel1.win32_1.1.0.202305231506/tools/bin/../lib/gcc/arm-none-eabi/11.3.1/../../../../arm-none-eabi/lib/thumb/v7e-m+fp/hard\libc_nano.a(libc_a-memmove.o)
                0x0000000008006398                memmove
 .text._sbrk_r  0x00000000080063cc       0x20 C:/ST/STM32CubeIDE_1.12.1/STM32CubeIDE/plugins/com.st.stm32cube.ide.mcu.externaltools.gnu-tools-for-stm32.11.3.rel1.win32_1.1.0.202305231506/tools/bin/../lib/gcc/arm-none-eabi/11.3.1/../../../../arm-none-eabi/lib/thumb/v7e-m+fp/hard\libc_nano.a(libc_a-sbrkr.o)
                0x00000000080063cc                _sbrk_r
 .text._realloc_r
                0x00000000080063ec       0x5e C:/ST/STM32CubeIDE_1.12.1/STM32CubeIDE/plugins/com.st.stm32cube.ide.mcu.externaltools.gnu-tools-for-stm32.11.3.rel1.win32_1.1.0.202305231506/tools/bin/../lib/gcc/arm-none-eabi/11.3.1/../../../../arm-none-eabi/lib/thumb/v7e-m+fp/hard\libc_nano.a(libc_a-reallocr.o)
                0x00000000080063ec                _realloc_r
 .text._malloc_usable_size_r
                0x000000000800644a       0x10 C:/ST/STM32CubeIDE_1.12.1/STM32CubeIDE/plugins/com.st.stm32cube.ide.mcu.externaltools.gnu-tools-for-stm32.11.3.rel1.win32_1.1.0.202305231506/tools/bin/../lib/gcc/arm-none-eabi/11.3.1/../../../../arm-none-eabi/lib/thumb/v7e-m+fp/hard\libc_nano.a(libc_a-msizer.o)
                0x000000000800644a                _malloc_usable_size_r
 *(.glue_7)
 .glue_7        0x000000000800645a        0x0 linker stubs
 *(.glue_7t)
 .glue_7t       0x000000000800645a        0x0 linker stubs
 *(.eh_frame)
 *fill*         0x000000000800645a        0x2 
 .eh_frame      0x000000000800645c        0x0 C:/ST/STM32CubeIDE_1.12.1/STM32CubeIDE/plugins/com.st.stm32cube.ide.mcu.externaltools.gnu-tools-for-stm32.11.3.rel1.win32_1.1.0.202305231506/tools/bin/../lib/gcc/arm-none-eabi/11.3.1/thumb/v7e-m+fp/hard/crtbegin.o
 *(.init)
 .init          0x000000000800645c        0x4 C:/ST/STM32CubeIDE_1.12.1/STM32CubeIDE/plugins/com.st.stm32cube.ide.mcu.externaltools.gnu-tools-for-stm32.11.3.rel1.win32_1.1.0.202305231506/tools/bin/../lib/gcc/arm-none-eabi/11.3.1/thumb/v7e-m+fp/hard/crti.o
                0x000000000800645c                _init
 .init          0x0000000008006460        0x8 C:/ST/STM32CubeIDE_1.12.1/STM32CubeIDE/plugins/com.st.stm32cube.ide.mcu.externaltools.gnu-tools-for-stm32.11.3.rel1.win32_1.1.0.202305231506/tools/bin/../lib/gcc/arm-none-eabi/11.3.1/thumb/v7e-m+fp/hard/crtn.o
 *(.fini)
 .fini          0x0000000008006468        0x4 C:/ST/STM32CubeIDE_1.12.1/STM32CubeIDE/plugins/com.st.stm32cube.ide.mcu.externaltools.gnu-tools-for-stm32.11.3.rel1.win32_1.1.0.202305231506/tools/bin/../lib/gcc/arm-none-eabi/11.3.1/thumb/v7e-m+fp/hard/crti.o
                0x0000000008006468                _fini
 .fini          0x000000000800646c        0x8 C:/ST/STM32CubeIDE_1.12.1/STM32CubeIDE/plugins/com.st.stm32cube.ide.mcu.externaltools.gnu-tools-for-stm32.11.3.rel1.win32_1.1.0.202305231506/tools/bin/../lib/gcc/arm-none-eabi/11.3.1/thumb/v7e-m+fp/hard/crtn.o
                0x0000000008006474                . = ALIGN (0x4)
                0x0000000008006474                _etext = .

.vfp11_veneer   0x0000000008006474        0x0
 .vfp11_veneer  0x0000000008006474        0x0 linker stubs

.v4_bx          0x0000000008006474        0x0
 .v4_bx         0x0000000008006474        0x0 linker stubs

.iplt           0x0000000008006474        0x0
 .iplt          0x0000000008006474        0x0 C:/ST/STM32CubeIDE_1.12.1/STM32CubeIDE/plugins/com.st.stm32cube.ide.mcu.externaltools.gnu-tools-for-stm32.11.3.rel1.win32_1.1.0.202305231506/tools/bin/../lib/gcc/arm-none-eabi/11.3.1/thumb/v7e-m+fp/hard/crtbegin.o

.rodata         0x0000000008006474      0x100
                0x0000000008006474                . = ALIGN (0x4)
 *(.rodata)
 .rodata        0x0000000008006474       0x99 ./Core/Src/main.o
 *fill*         0x000000000800650d        0x3 
 .rodata        0x0000000008006510        0x5 ./common/ThirdParty/FreeRTOS/tasks.o
 *fill*         0x0000000008006515        0x3 
 .rodata        0x0000000008006518        0xd ./common/ThirdParty/FreeRTOS/timers.o
 *(.rodata*)
 *fill*         0x0000000008006525        0x3 
 .rodata.AHBPrescTable
                0x0000000008006528       0x10 ./Core/Src/system_stm32f4xx.o
                0x0000000008006528                AHBPrescTable
 .rodata.APBPrescTable
                0x0000000008006538        0x8 ./Core/Src/system_stm32f4xx.o
                0x0000000008006538                APBPrescTable
 .rodata._svfprintf_r.str1.1
                0x0000000008006540       0x11 C:/ST/STM32CubeIDE_1.12.1/STM32CubeIDE/plugins/com.st.stm32cube.ide.mcu.externaltools.gnu-tools-for-stm32.11.3.rel1.win32_1.1.0.202305231506/tools/bin/../lib/gcc/arm-none-eabi/11.3.1/../../../../arm-none-eabi/lib/thumb/v7e-m+fp/hard\libc_nano.a(libc_a-nano-svfprintf.o)
 .rodata._printf_i.str1.1
                0x0000000008006551       0x22 C:/ST/STM32CubeIDE_1.12.1/STM32CubeIDE/plugins/com.st.stm32cube.ide.mcu.externaltools.gnu-tools-for-stm32.11.3.rel1.win32_1.1.0.202305231506/tools/bin/../lib/gcc/arm-none-eabi/11.3.1/../../../../arm-none-eabi/lib/thumb/v7e-m+fp/hard\libc_nano.a(libc_a-nano-vfprintf_i.o)
                0x0000000008006574                . = ALIGN (0x4)
 *fill*         0x0000000008006573        0x1 

.ARM.extab      0x0000000008006574        0x0
                0x0000000008006574                . = ALIGN (0x4)
 *(.ARM.extab* .gnu.linkonce.armextab.*)
                0x0000000008006574                . = ALIGN (0x4)

.ARM            0x0000000008006574        0x8
                0x0000000008006574                . = ALIGN (0x4)
                0x0000000008006574                __exidx_start = .
 *(.ARM.exidx*)
 .ARM.exidx     0x0000000008006574        0x8 C:/ST/STM32CubeIDE_1.12.1/STM32CubeIDE/plugins/com.st.stm32cube.ide.mcu.externaltools.gnu-tools-for-stm32.11.3.rel1.win32_1.1.0.202305231506/tools/bin/../lib/gcc/arm-none-eabi/11.3.1/thumb/v7e-m+fp/hard\libgcc.a(_udivmoddi4.o)
                0x000000000800657c                __exidx_end = .
                0x000000000800657c                . = ALIGN (0x4)

.rel.dyn        0x000000000800657c        0x0
 .rel.iplt      0x000000000800657c        0x0 C:/ST/STM32CubeIDE_1.12.1/STM32CubeIDE/plugins/com.st.stm32cube.ide.mcu.externaltools.gnu-tools-for-stm32.11.3.rel1.win32_1.1.0.202305231506/tools/bin/../lib/gcc/arm-none-eabi/11.3.1/thumb/v7e-m+fp/hard/crtbegin.o

.preinit_array  0x000000000800657c        0x0
                0x000000000800657c                . = ALIGN (0x4)
                0x000000000800657c                PROVIDE (__preinit_array_start = .)
 *(.preinit_array*)
                0x000000000800657c                PROVIDE (__preinit_array_end = .)
                0x000000000800657c                . = ALIGN (0x4)

.init_array     0x000000000800657c        0x4
                0x000000000800657c                . = ALIGN (0x4)
                0x000000000800657c                PROVIDE (__init_array_start = .)
 *(SORT_BY_NAME(.init_array.*))
 *(.init_array*)
 .init_array    0x000000000800657c        0x4 C:/ST/STM32CubeIDE_1.12.1/STM32CubeIDE/plugins/com.st.stm32cube.ide.mcu.externaltools.gnu-tools-for-stm32.11.3.rel1.win32_1.1.0.202305231506/tools/bin/../lib/gcc/arm-none-eabi/11.3.1/thumb/v7e-m+fp/hard/crtbegin.o
                0x0000000008006580                PROVIDE (__init_array_end = .)
                0x0000000008006580                . = ALIGN (0x4)

.fini_array     0x0000000008006580        0x4
                0x0000000008006580                . = ALIGN (0x4)
                [!provide]                        PROVIDE (__fini_array_start = .)
 *(SORT_BY_NAME(.fini_array.*))
 *(.fini_array*)
 .fini_array    0x0000000008006580        0x4 C:/ST/STM32CubeIDE_1.12.1/STM32CubeIDE/plugins/com.st.stm32cube.ide.mcu.externaltools.gnu-tools-for-stm32.11.3.rel1.win32_1.1.0.202305231506/tools/bin/../lib/gcc/arm-none-eabi/11.3.1/thumb/v7e-m+fp/hard/crtbegin.o
                [!provide]                        PROVIDE (__fini_array_end = .)
                0x0000000008006584                . = ALIGN (0x4)
                0x0000000008006584                _sidata = LOADADDR (.data)

.data           0x0000000020000000       0x64 load address 0x0000000008006584
                0x0000000020000000                . = ALIGN (0x4)
                0x0000000020000000                _sdata = .
 *(.data)
 *(.data*)
 .data.SystemCoreClock
                0x0000000020000000        0x4 ./Core/Src/system_stm32f4xx.o
                0x0000000020000000                SystemCoreClock
 .data.uwTickPrio
                0x0000000020000004        0x4 ./Drivers/STM32F4xx_HAL_Driver/Src/stm32f4xx_hal.o
                0x0000000020000004                uwTickPrio
 .data.uwTickFreq
                0x0000000020000008        0x1 ./Drivers/STM32F4xx_HAL_Driver/Src/stm32f4xx_hal.o
                0x0000000020000008                uwTickFreq
 *fill*         0x0000000020000009        0x3 
 .data.uxTopUsedPriority
                0x000000002000000c        0x4 ./common/ThirdParty/FreeRTOS/tasks.o
                0x000000002000000c                uxTopUsedPriority
 .data.uxCriticalNesting
                0x0000000020000010        0x4 ./common/ThirdParty/FreeRTOS/portable/GCC/ARM_CM4F/port.o
 .data._impure_data
                0x0000000020000014       0x4c C:/ST/STM32CubeIDE_1.12.1/STM32CubeIDE/plugins/com.st.stm32cube.ide.mcu.externaltools.gnu-tools-for-stm32.11.3.rel1.win32_1.1.0.202305231506/tools/bin/../lib/gcc/arm-none-eabi/11.3.1/../../../../arm-none-eabi/lib/thumb/v7e-m+fp/hard\libc_nano.a(libc_a-impure.o)
                0x0000000020000014                _impure_data
 .data._impure_ptr
                0x0000000020000060        0x4 C:/ST/STM32CubeIDE_1.12.1/STM32CubeIDE/plugins/com.st.stm32cube.ide.mcu.externaltools.gnu-tools-for-stm32.11.3.rel1.win32_1.1.0.202305231506/tools/bin/../lib/gcc/arm-none-eabi/11.3.1/../../../../arm-none-eabi/lib/thumb/v7e-m+fp/hard\libc_nano.a(libc_a-impure.o)
                0x0000000020000060                _impure_ptr
 *(.RamFunc)
 *(.RamFunc*)
                0x0000000020000064                . = ALIGN (0x4)
                0x0000000020000064                _edata = .
                0x00000000080065e8                _siccmram = LOADADDR (.ccmram)

.igot.plt       0x0000000020000064        0x0 load address 0x00000000080065e8
 .igot.plt      0x0000000020000064        0x0 C:/ST/STM32CubeIDE_1.12.1/STM32CubeIDE/plugins/com.st.stm32cube.ide.mcu.externaltools.gnu-tools-for-stm32.11.3.rel1.win32_1.1.0.202305231506/tools/bin/../lib/gcc/arm-none-eabi/11.3.1/thumb/v7e-m+fp/hard/crtbegin.o

.ccmram         0x0000000010000000        0x0 load address 0x00000000080065e8
                0x0000000010000000                . = ALIGN (0x4)
                0x0000000010000000                _sccmram = .
 *(.ccmram)
 *(.ccmram*)
                0x0000000010000000                . = ALIGN (0x4)
                0x0000000010000000                _eccmram = .
                0x0000000010000000                . = ALIGN (0x4)

.bss            0x0000000020000064    0x12fac
                0x0000000020000064                _sbss = .
                0x0000000020000064                __bss_start__ = _sbss
 *(.bss)
 .bss           0x0000000020000064       0x1c C:/ST/STM32CubeIDE_1.12.1/STM32CubeIDE/plugins/com.st.stm32cube.ide.mcu.externaltools.gnu-tools-for-stm32.11.3.rel1.win32_1.1.0.202305231506/tools/bin/../lib/gcc/arm-none-eabi/11.3.1/thumb/v7e-m+fp/hard/crtbegin.o
 *(.bss*)
 .bss.huart2    0x0000000020000080       0x44 ./Core/Src/main.o
                0x0000000020000080                huart2
 .bss.queue     0x00000000200000c4        0x4 ./Core/Src/main.o
                0x00000000200000c4                queue
 .bss.xCountingSem
                0x00000000200000c8        0x4 ./Core/Src/main.o
                0x00000000200000c8                xCountingSem
 .bss.xNotifyTaskHandle
                0x00000000200000cc        0x4 ./Core/Src/main.o
                0x00000000200000cc                xNotifyTaskHandle
 .bss.pressCount.0
                0x00000000200000d0        0x1 ./Core/Src/main.o
 *fill*         0x00000000200000d1        0x3 
 .bss.htim6     0x00000000200000d4       0x48 ./Core/Src/stm32f4xx_hal_timebase_tim.o
                0x00000000200000d4                htim6
 .bss.__sbrk_heap_end
                0x000000002000011c        0x4 ./Core/Src/sysmem.o
 .bss.uwTick    0x0000000020000120        0x4 ./Drivers/STM32F4xx_HAL_Driver/Src/stm32f4xx_hal.o
                0x0000000020000120                uwTick
 .bss.xQueueRegistry
                0x0000000020000124       0x40 ./common/ThirdParty/FreeRTOS/queue.o
                0x0000000020000124                xQueueRegistry
 .bss.pxCurrentTCB
                0x0000000020000164        0x4 ./common/ThirdParty/FreeRTOS/tasks.o
                0x0000000020000164                pxCurrentTCB
 .bss.pxReadyTasksLists
                0x0000000020000168       0x64 ./common/ThirdParty/FreeRTOS/tasks.o
 .bss.xDelayedTaskList1
                0x00000000200001cc       0x14 ./common/ThirdParty/FreeRTOS/tasks.o
 .bss.xDelayedTaskList2
                0x00000000200001e0       0x14 ./common/ThirdParty/FreeRTOS/tasks.o
 .bss.pxDelayedTaskList
                0x00000000200001f4        0x4 ./common/ThirdParty/FreeRTOS/tasks.o
 .bss.pxOverflowDelayedTaskList
                0x00000000200001f8        0x4 ./common/ThirdParty/FreeRTOS/tasks.o
 .bss.xPendingReadyList
                0x00000000200001fc       0x14 ./common/ThirdParty/FreeRTOS/tasks.o
 .bss.xTasksWaitingTermination
                0x0000000020000210       0x14 ./common/ThirdParty/FreeRTOS/tasks.o
 .bss.uxDeletedTasksWaitingCleanUp
                0x0000000020000224        0x4 ./common/ThirdParty/FreeRTOS/tasks.o
 .bss.xSuspendedTaskList
                0x0000000020000228       0x14 ./common/ThirdParty/FreeRTOS/tasks.o
 .bss.uxCurrentNumberOfTasks
                0x000000002000023c        0x4 ./common/ThirdParty/FreeRTOS/tasks.o
 .bss.xTickCount
                0x0000000020000240        0x4 ./common/ThirdParty/FreeRTOS/tasks.o
 .bss.uxTopReadyPriority
                0x0000000020000244        0x4 ./common/ThirdParty/FreeRTOS/tasks.o
 .bss.xSchedulerRunning
                0x0000000020000248        0x4 ./common/ThirdParty/FreeRTOS/tasks.o
 .bss.xPendedTicks
                0x000000002000024c        0x4 ./common/ThirdParty/FreeRTOS/tasks.o
 .bss.xYieldPending
                0x0000000020000250        0x4 ./common/ThirdParty/FreeRTOS/tasks.o
 .bss.xNumOfOverflows
                0x0000000020000254        0x4 ./common/ThirdParty/FreeRTOS/tasks.o
 .bss.uxTaskNumber
                0x0000000020000258        0x4 ./common/ThirdParty/FreeRTOS/tasks.o
 .bss.xNextTaskUnblockTime
                0x000000002000025c        0x4 ./common/ThirdParty/FreeRTOS/tasks.o
 .bss.xIdleTaskHandle
                0x0000000020000260        0x4 ./common/ThirdParty/FreeRTOS/tasks.o
 .bss.uxSchedulerSuspended
                0x0000000020000264        0x4 ./common/ThirdParty/FreeRTOS/tasks.o
 .bss.xActiveTimerList1
                0x0000000020000268       0x14 ./common/ThirdParty/FreeRTOS/timers.o
 .bss.xActiveTimerList2
                0x000000002000027c       0x14 ./common/ThirdParty/FreeRTOS/timers.o
 .bss.pxCurrentTimerList
                0x0000000020000290        0x4 ./common/ThirdParty/FreeRTOS/timers.o
 .bss.pxOverflowTimerList
                0x0000000020000294        0x4 ./common/ThirdParty/FreeRTOS/timers.o
 .bss.xTimerQueue
                0x0000000020000298        0x4 ./common/ThirdParty/FreeRTOS/timers.o
 .bss.xTimerTaskHandle
                0x000000002000029c        0x4 ./common/ThirdParty/FreeRTOS/timers.o
 .bss.xLastTime.0
                0x00000000200002a0        0x4 ./common/ThirdParty/FreeRTOS/timers.o
 .bss.ucMaxSysCallPriority
                0x00000000200002a4        0x1 ./common/ThirdParty/FreeRTOS/portable/GCC/ARM_CM4F/port.o
 *fill*         0x00000000200002a5        0x3 
 .bss.ulMaxPRIGROUPValue
                0x00000000200002a8        0x4 ./common/ThirdParty/FreeRTOS/portable/GCC/ARM_CM4F/port.o
 .bss.ucHeap    0x00000000200002ac    0x12c00 ./common/ThirdParty/FreeRTOS/portable/MemMang/heap_4.o
 .bss.xStart    0x0000000020012eac        0x8 ./common/ThirdParty/FreeRTOS/portable/MemMang/heap_4.o
 .bss.pxEnd     0x0000000020012eb4        0x4 ./common/ThirdParty/FreeRTOS/portable/MemMang/heap_4.o
 .bss.xFreeBytesRemaining
                0x0000000020012eb8        0x4 ./common/ThirdParty/FreeRTOS/portable/MemMang/heap_4.o
 .bss.xMinimumEverFreeBytesRemaining
                0x0000000020012ebc        0x4 ./common/ThirdParty/FreeRTOS/portable/MemMang/heap_4.o
 .bss.xNumberOfSuccessfulAllocations
                0x0000000020012ec0        0x4 ./common/ThirdParty/FreeRTOS/portable/MemMang/heap_4.o
 .bss.xNumberOfSuccessfulFrees
                0x0000000020012ec4        0x4 ./common/ThirdParty/FreeRTOS/portable/MemMang/heap_4.o
 .bss.__sf      0x0000000020012ec8      0x138 C:/ST/STM32CubeIDE_1.12.1/STM32CubeIDE/plugins/com.st.stm32cube.ide.mcu.externaltools.gnu-tools-for-stm32.11.3.rel1.win32_1.1.0.202305231506/tools/bin/../lib/gcc/arm-none-eabi/11.3.1/../../../../arm-none-eabi/lib/thumb/v7e-m+fp/hard\libc_nano.a(libc_a-findfp.o)
                0x0000000020012ec8                __sf
 .bss.errno     0x0000000020013000        0x4 C:/ST/STM32CubeIDE_1.12.1/STM32CubeIDE/plugins/com.st.stm32cube.ide.mcu.externaltools.gnu-tools-for-stm32.11.3.rel1.win32_1.1.0.202305231506/tools/bin/../lib/gcc/arm-none-eabi/11.3.1/../../../../arm-none-eabi/lib/thumb/v7e-m+fp/hard\libc_nano.a(libc_a-reent.o)
                0x0000000020013000                errno
 .bss.__lock___malloc_recursive_mutex
                0x0000000020013004        0x1 C:/ST/STM32CubeIDE_1.12.1/STM32CubeIDE/plugins/com.st.stm32cube.ide.mcu.externaltools.gnu-tools-for-stm32.11.3.rel1.win32_1.1.0.202305231506/tools/bin/../lib/gcc/arm-none-eabi/11.3.1/../../../../arm-none-eabi/lib/thumb/v7e-m+fp/hard\libc_nano.a(libc_a-lock.o)
                0x0000000020013004                __lock___malloc_recursive_mutex
 *fill*         0x0000000020013005        0x3 
 .bss.__malloc_free_list
                0x0000000020013008        0x4 C:/ST/STM32CubeIDE_1.12.1/STM32CubeIDE/plugins/com.st.stm32cube.ide.mcu.externaltools.gnu-tools-for-stm32.11.3.rel1.win32_1.1.0.202305231506/tools/bin/../lib/gcc/arm-none-eabi/11.3.1/../../../../arm-none-eabi/lib/thumb/v7e-m+fp/hard\libc_nano.a(libc_a-mallocr.o)
                0x0000000020013008                __malloc_free_list
 .bss.__malloc_sbrk_start
                0x000000002001300c        0x4 C:/ST/STM32CubeIDE_1.12.1/STM32CubeIDE/plugins/com.st.stm32cube.ide.mcu.externaltools.gnu-tools-for-stm32.11.3.rel1.win32_1.1.0.202305231506/tools/bin/../lib/gcc/arm-none-eabi/11.3.1/../../../../arm-none-eabi/lib/thumb/v7e-m+fp/hard\libc_nano.a(libc_a-mallocr.o)
                0x000000002001300c                __malloc_sbrk_start
 *(COMMON)
                0x0000000020013010                . = ALIGN (0x4)
                0x0000000020013010                _ebss = .
                0x0000000020013010                __bss_end__ = _ebss

._user_heap_stack
                0x0000000020013010      0x600
                0x0000000020013010                . = ALIGN (0x8)
                [!provide]                        PROVIDE (end = .)
                0x0000000020013010                PROVIDE (_end = .)
                0x0000000020013210                . = (. + _Min_Heap_Size)
 *fill*         0x0000000020013010      0x200 
                0x0000000020013610                . = (. + _Min_Stack_Size)
 *fill*         0x0000000020013210      0x400 
                0x0000000020013610                . = ALIGN (0x8)

/DISCARD/
 libc.a(*)
 libm.a(*)
 libgcc.a(*)

.ARM.attributes
                0x0000000000000000       0x30
 *(.ARM.attributes)
 .ARM.attributes
                0x0000000000000000       0x1e C:/ST/STM32CubeIDE_1.12.1/STM32CubeIDE/plugins/com.st.stm32cube.ide.mcu.externaltools.gnu-tools-for-stm32.11.3.rel1.win32_1.1.0.202305231506/tools/bin/../lib/gcc/arm-none-eabi/11.3.1/thumb/v7e-m+fp/hard/crti.o
 .ARM.attributes
                0x000000000000001e       0x34 C:/ST/STM32CubeIDE_1.12.1/STM32CubeIDE/plugins/com.st.stm32cube.ide.mcu.externaltools.gnu-tools-for-stm32.11.3.rel1.win32_1.1.0.202305231506/tools/bin/../lib/gcc/arm-none-eabi/11.3.1/thumb/v7e-m+fp/hard/crtbegin.o
 .ARM.attributes
                0x0000000000000052       0x34 ./Core/Src/main.o
 .ARM.attributes
                0x0000000000000086       0x34 ./Core/Src/stm32f4xx_hal_msp.o
 .ARM.attributes
                0x00000000000000ba       0x34 ./Core/Src/stm32f4xx_hal_timebase_tim.o
 .ARM.attributes
                0x00000000000000ee       0x34 ./Core/Src/stm32f4xx_it.o
 .ARM.attributes
                0x0000000000000122       0x34 ./Core/Src/sysmem.o
 .ARM.attributes
                0x0000000000000156       0x34 ./Core/Src/system_stm32f4xx.o
 .ARM.attributes
                0x000000000000018a       0x21 ./Core/Startup/startup_stm32f407vgtx.o
 .ARM.attributes
                0x00000000000001ab       0x34 ./Drivers/STM32F4xx_HAL_Driver/Src/stm32f4xx_hal.o
 .ARM.attributes
                0x00000000000001df       0x34 ./Drivers/STM32F4xx_HAL_Driver/Src/stm32f4xx_hal_cortex.o
 .ARM.attributes
                0x0000000000000213       0x34 ./Drivers/STM32F4xx_HAL_Driver/Src/stm32f4xx_hal_gpio.o
 .ARM.attributes
                0x0000000000000247       0x34 ./Drivers/STM32F4xx_HAL_Driver/Src/stm32f4xx_hal_rcc.o
 .ARM.attributes
                0x000000000000027b       0x34 ./Drivers/STM32F4xx_HAL_Driver/Src/stm32f4xx_hal_tim.o
 .ARM.attributes
                0x00000000000002af       0x34 ./Drivers/STM32F4xx_HAL_Driver/Src/stm32f4xx_hal_tim_ex.o
 .ARM.attributes
                0x00000000000002e3       0x34 ./Drivers/STM32F4xx_HAL_Driver/Src/stm32f4xx_hal_uart.o
 .ARM.attributes
                0x0000000000000317       0x34 ./common/ThirdParty/FreeRTOS/list.o
 .ARM.attributes
                0x000000000000034b       0x34 ./common/ThirdParty/FreeRTOS/queue.o
 .ARM.attributes
                0x000000000000037f       0x34 ./common/ThirdParty/FreeRTOS/tasks.o
 .ARM.attributes
                0x00000000000003b3       0x34 ./common/ThirdParty/FreeRTOS/timers.o
 .ARM.attributes
                0x00000000000003e7       0x34 ./common/ThirdParty/FreeRTOS/portable/GCC/ARM_CM4F/port.o
 .ARM.attributes
                0x000000000000041b       0x34 ./common/ThirdParty/FreeRTOS/portable/MemMang/heap_4.o
 .ARM.attributes
                0x000000000000044f       0x34 C:/ST/STM32CubeIDE_1.12.1/STM32CubeIDE/plugins/com.st.stm32cube.ide.mcu.externaltools.gnu-tools-for-stm32.11.3.rel1.win32_1.1.0.202305231506/tools/bin/../lib/gcc/arm-none-eabi/11.3.1/../../../../arm-none-eabi/lib/thumb/v7e-m+fp/hard\libc_nano.a(libc_a-findfp.o)
 .ARM.attributes
                0x0000000000000483       0x34 C:/ST/STM32CubeIDE_1.12.1/STM32CubeIDE/plugins/com.st.stm32cube.ide.mcu.externaltools.gnu-tools-for-stm32.11.3.rel1.win32_1.1.0.202305231506/tools/bin/../lib/gcc/arm-none-eabi/11.3.1/../../../../arm-none-eabi/lib/thumb/v7e-m+fp/hard\libc_nano.a(libc_a-sprintf.o)
 .ARM.attributes
                0x00000000000004b7       0x34 C:/ST/STM32CubeIDE_1.12.1/STM32CubeIDE/plugins/com.st.stm32cube.ide.mcu.externaltools.gnu-tools-for-stm32.11.3.rel1.win32_1.1.0.202305231506/tools/bin/../lib/gcc/arm-none-eabi/11.3.1/../../../../arm-none-eabi/lib/thumb/v7e-m+fp/hard\libc_nano.a(libc_a-memset.o)
 .ARM.attributes
                0x00000000000004eb       0x34 C:/ST/STM32CubeIDE_1.12.1/STM32CubeIDE/plugins/com.st.stm32cube.ide.mcu.externaltools.gnu-tools-for-stm32.11.3.rel1.win32_1.1.0.202305231506/tools/bin/../lib/gcc/arm-none-eabi/11.3.1/../../../../arm-none-eabi/lib/thumb/v7e-m+fp/hard\libc_nano.a(libc_a-reent.o)
 .ARM.attributes
                0x000000000000051f       0x34 C:/ST/STM32CubeIDE_1.12.1/STM32CubeIDE/plugins/com.st.stm32cube.ide.mcu.externaltools.gnu-tools-for-stm32.11.3.rel1.win32_1.1.0.202305231506/tools/bin/../lib/gcc/arm-none-eabi/11.3.1/../../../../arm-none-eabi/lib/thumb/v7e-m+fp/hard\libc_nano.a(libc_a-impure.o)
 .ARM.attributes
                0x0000000000000553       0x34 C:/ST/STM32CubeIDE_1.12.1/STM32CubeIDE/plugins/com.st.stm32cube.ide.mcu.externaltools.gnu-tools-for-stm32.11.3.rel1.win32_1.1.0.202305231506/tools/bin/../lib/gcc/arm-none-eabi/11.3.1/../../../../arm-none-eabi/lib/thumb/v7e-m+fp/hard\libc_nano.a(libc_a-errno.o)
 .ARM.attributes
                0x0000000000000587       0x34 C:/ST/STM32CubeIDE_1.12.1/STM32CubeIDE/plugins/com.st.stm32cube.ide.mcu.externaltools.gnu-tools-for-stm32.11.3.rel1.win32_1.1.0.202305231506/tools/bin/../lib/gcc/arm-none-eabi/11.3.1/../../../../arm-none-eabi/lib/thumb/v7e-m+fp/hard\libc_nano.a(libc_a-init.o)
 .ARM.attributes
                0x00000000000005bb       0x34 C:/ST/STM32CubeIDE_1.12.1/STM32CubeIDE/plugins/com.st.stm32cube.ide.mcu.externaltools.gnu-tools-for-stm32.11.3.rel1.win32_1.1.0.202305231506/tools/bin/../lib/gcc/arm-none-eabi/11.3.1/../../../../arm-none-eabi/lib/thumb/v7e-m+fp/hard\libc_nano.a(libc_a-lock.o)
 .ARM.attributes
                0x00000000000005ef       0x34 C:/ST/STM32CubeIDE_1.12.1/STM32CubeIDE/plugins/com.st.stm32cube.ide.mcu.externaltools.gnu-tools-for-stm32.11.3.rel1.win32_1.1.0.202305231506/tools/bin/../lib/gcc/arm-none-eabi/11.3.1/../../../../arm-none-eabi/lib/thumb/v7e-m+fp/hard\libc_nano.a(libc_a-memcpy-stub.o)
 .ARM.attributes
                0x0000000000000623       0x17 C:/ST/STM32CubeIDE_1.12.1/STM32CubeIDE/plugins/com.st.stm32cube.ide.mcu.externaltools.gnu-tools-for-stm32.11.3.rel1.win32_1.1.0.202305231506/tools/bin/../lib/gcc/arm-none-eabi/11.3.1/../../../../arm-none-eabi/lib/thumb/v7e-m+fp/hard\libc_nano.a(libc_a-strlen.o)
 .ARM.attributes
                0x000000000000063a       0x34 C:/ST/STM32CubeIDE_1.12.1/STM32CubeIDE/plugins/com.st.stm32cube.ide.mcu.externaltools.gnu-tools-for-stm32.11.3.rel1.win32_1.1.0.202305231506/tools/bin/../lib/gcc/arm-none-eabi/11.3.1/../../../../arm-none-eabi/lib/thumb/v7e-m+fp/hard\libc_nano.a(libc_a-freer.o)
 .ARM.attributes
                0x000000000000066e       0x34 C:/ST/STM32CubeIDE_1.12.1/STM32CubeIDE/plugins/com.st.stm32cube.ide.mcu.externaltools.gnu-tools-for-stm32.11.3.rel1.win32_1.1.0.202305231506/tools/bin/../lib/gcc/arm-none-eabi/11.3.1/../../../../arm-none-eabi/lib/thumb/v7e-m+fp/hard\libc_nano.a(libc_a-mallocr.o)
 .ARM.attributes
                0x00000000000006a2       0x34 C:/ST/STM32CubeIDE_1.12.1/STM32CubeIDE/plugins/com.st.stm32cube.ide.mcu.externaltools.gnu-tools-for-stm32.11.3.rel1.win32_1.1.0.202305231506/tools/bin/../lib/gcc/arm-none-eabi/11.3.1/../../../../arm-none-eabi/lib/thumb/v7e-m+fp/hard\libc_nano.a(libc_a-mlock.o)
 .ARM.attributes
                0x00000000000006d6       0x34 C:/ST/STM32CubeIDE_1.12.1/STM32CubeIDE/plugins/com.st.stm32cube.ide.mcu.externaltools.gnu-tools-for-stm32.11.3.rel1.win32_1.1.0.202305231506/tools/bin/../lib/gcc/arm-none-eabi/11.3.1/../../../../arm-none-eabi/lib/thumb/v7e-m+fp/hard\libc_nano.a(libc_a-nano-svfprintf.o)
 .ARM.attributes
                0x000000000000070a       0x34 C:/ST/STM32CubeIDE_1.12.1/STM32CubeIDE/plugins/com.st.stm32cube.ide.mcu.externaltools.gnu-tools-for-stm32.11.3.rel1.win32_1.1.0.202305231506/tools/bin/../lib/gcc/arm-none-eabi/11.3.1/../../../../arm-none-eabi/lib/thumb/v7e-m+fp/hard\libc_nano.a(libc_a-nano-vfprintf_i.o)
 .ARM.attributes
                0x000000000000073e       0x34 C:/ST/STM32CubeIDE_1.12.1/STM32CubeIDE/plugins/com.st.stm32cube.ide.mcu.externaltools.gnu-tools-for-stm32.11.3.rel1.win32_1.1.0.202305231506/tools/bin/../lib/gcc/arm-none-eabi/11.3.1/../../../../arm-none-eabi/lib/thumb/v7e-m+fp/hard\libc_nano.a(libc_a-memmove.o)
 .ARM.attributes
                0x0000000000000772       0x34 C:/ST/STM32CubeIDE_1.12.1/STM32CubeIDE/plugins/com.st.stm32cube.ide.mcu.externaltools.gnu-tools-for-stm32.11.3.rel1.win32_1.1.0.202305231506/tools/bin/../lib/gcc/arm-none-eabi/11.3.1/../../../../arm-none-eabi/lib/thumb/v7e-m+fp/hard\libc_nano.a(libc_a-sbrkr.o)
 .ARM.attributes
                0x00000000000007a6       0x1c C:/ST/STM32CubeIDE_1.12.1/STM32CubeIDE/plugins/com.st.stm32cube.ide.mcu.externaltools.gnu-tools-for-stm32.11.3.rel1.win32_1.1.0.202305231506/tools/bin/../lib/gcc/arm-none-eabi/11.3.1/../../../../arm-none-eabi/lib/thumb/v7e-m+fp/hard\libc_nano.a(libc_a-memchr.o)
 .ARM.attributes
                0x00000000000007c2       0x34 C:/ST/STM32CubeIDE_1.12.1/STM32CubeIDE/plugins/com.st.stm32cube.ide.mcu.externaltools.gnu-tools-for-stm32.11.3.rel1.win32_1.1.0.202305231506/tools/bin/../lib/gcc/arm-none-eabi/11.3.1/../../../../arm-none-eabi/lib/thumb/v7e-m+fp/hard\libc_nano.a(libc_a-reallocr.o)
 .ARM.attributes
                0x00000000000007f6       0x34 C:/ST/STM32CubeIDE_1.12.1/STM32CubeIDE/plugins/com.st.stm32cube.ide.mcu.externaltools.gnu-tools-for-stm32.11.3.rel1.win32_1.1.0.202305231506/tools/bin/../lib/gcc/arm-none-eabi/11.3.1/../../../../arm-none-eabi/lib/thumb/v7e-m+fp/hard\libc_nano.a(libc_a-msizer.o)
 .ARM.attributes
                0x000000000000082a       0x1e C:/ST/STM32CubeIDE_1.12.1/STM32CubeIDE/plugins/com.st.stm32cube.ide.mcu.externaltools.gnu-tools-for-stm32.11.3.rel1.win32_1.1.0.202305231506/tools/bin/../lib/gcc/arm-none-eabi/11.3.1/thumb/v7e-m+fp/hard\libgcc.a(_aeabi_uldivmod.o)
 .ARM.attributes
                0x0000000000000848       0x34 C:/ST/STM32CubeIDE_1.12.1/STM32CubeIDE/plugins/com.st.stm32cube.ide.mcu.externaltools.gnu-tools-for-stm32.11.3.rel1.win32_1.1.0.202305231506/tools/bin/../lib/gcc/arm-none-eabi/11.3.1/thumb/v7e-m+fp/hard\libgcc.a(_udivmoddi4.o)
 .ARM.attributes
                0x000000000000087c       0x1e C:/ST/STM32CubeIDE_1.12.1/STM32CubeIDE/plugins/com.st.stm32cube.ide.mcu.externaltools.gnu-tools-for-stm32.11.3.rel1.win32_1.1.0.202305231506/tools/bin/../lib/gcc/arm-none-eabi/11.3.1/thumb/v7e-m+fp/hard\libgcc.a(_dvmd_tls.o)
 .ARM.attributes
                0x000000000000089a       0x1e C:/ST/STM32CubeIDE_1.12.1/STM32CubeIDE/plugins/com.st.stm32cube.ide.mcu.externaltools.gnu-tools-for-stm32.11.3.rel1.win32_1.1.0.202305231506/tools/bin/../lib/gcc/arm-none-eabi/11.3.1/thumb/v7e-m+fp/hard/crtn.o
OUTPUT(MultiSync_Project.elf elf32-littlearm)
LOAD linker stubs
LOAD C:/ST/STM32CubeIDE_1.12.1/STM32CubeIDE/plugins/com.st.stm32cube.ide.mcu.externaltools.gnu-tools-for-stm32.11.3.rel1.win32_1.1.0.202305231506/tools/bin/../lib/gcc/arm-none-eabi/11.3.1/../../../../arm-none-eabi/lib/thumb/v7e-m+fp/hard\libc.a
LOAD C:/ST/STM32CubeIDE_1.12.1/STM32CubeIDE/plugins/com.st.stm32cube.ide.mcu.externaltools.gnu-tools-for-stm32.11.3.rel1.win32_1.1.0.202305231506/tools/bin/../lib/gcc/arm-none-eabi/11.3.1/../../../../arm-none-eabi/lib/thumb/v7e-m+fp/hard\libm.a
LOAD C:/ST/STM32CubeIDE_1.12.1/STM32CubeIDE/plugins/com.st.stm32cube.ide.mcu.externaltools.gnu-tools-for-stm32.11.3.rel1.win32_1.1.0.202305231506/tools/bin/../lib/gcc/arm-none-eabi/11.3.1/thumb/v7e-m+fp/hard\libgcc.a

.comment        0x0000000000000000       0x43
 .comment       0x0000000000000000       0x43 C:/ST/STM32CubeIDE_1.12.1/STM32CubeIDE/plugins/com.st.stm32cube.ide.mcu.externaltools.gnu-tools-for-stm32.11.3.rel1.win32_1.1.0.202305231506/tools/bin/../lib/gcc/arm-none-eabi/11.3.1/thumb/v7e-m+fp/hard/crtbegin.o
                                         0x44 (size before relaxing)
 .comment       0x0000000000000043       0x44 ./Core/Src/main.o
 .comment       0x0000000000000043       0x44 ./Core/Src/stm32f4xx_hal_msp.o
 .comment       0x0000000000000043       0x44 ./Core/Src/stm32f4xx_hal_timebase_tim.o
 .comment       0x0000000000000043       0x44 ./Core/Src/stm32f4xx_it.o
 .comment       0x0000000000000043       0x44 ./Core/Src/sysmem.o
 .comment       0x0000000000000043       0x44 ./Core/Src/system_stm32f4xx.o
 .comment       0x0000000000000043       0x44 ./Drivers/STM32F4xx_HAL_Driver/Src/stm32f4xx_hal.o
 .comment       0x0000000000000043       0x44 ./Drivers/STM32F4xx_HAL_Driver/Src/stm32f4xx_hal_cortex.o
 .comment       0x0000000000000043       0x44 ./Drivers/STM32F4xx_HAL_Driver/Src/stm32f4xx_hal_gpio.o
 .comment       0x0000000000000043       0x44 ./Drivers/STM32F4xx_HAL_Driver/Src/stm32f4xx_hal_rcc.o
 .comment       0x0000000000000043       0x44 ./Drivers/STM32F4xx_HAL_Driver/Src/stm32f4xx_hal_tim.o
 .comment       0x0000000000000043       0x44 ./Drivers/STM32F4xx_HAL_Driver/Src/stm32f4xx_hal_tim_ex.o
 .comment       0x0000000000000043       0x44 ./Drivers/STM32F4xx_HAL_Driver/Src/stm32f4xx_hal_uart.o
 .comment       0x0000000000000043       0x44 ./common/ThirdParty/FreeRTOS/list.o
 .comment       0x0000000000000043       0x44 ./common/ThirdParty/FreeRTOS/queue.o
 .comment       0x0000000000000043       0x44 ./common/ThirdParty/FreeRTOS/tasks.o
 .comment       0x0000000000000043       0x44 ./common/ThirdParty/FreeRTOS/timers.o
 .comment       0x0000000000000043       0x44 ./common/ThirdParty/FreeRTOS/portable/GCC/ARM_CM4F/port.o
 .comment       0x0000000000000043       0x44 ./common/ThirdParty/FreeRTOS/portable/MemMang/heap_4.o

.debug_info     0x0000000000000000    0x123b0
 .debug_info    0x0000000000000000     0x152a ./Core/Src/main.o
 .debug_info    0x000000000000152a      0x8cb ./Core/Src/stm32f4xx_hal_msp.o
 .debug_info    0x0000000000001df5      0xbee ./Core/Src/stm32f4xx_hal_timebase_tim.o
 .debug_info    0x00000000000029e3      0x6eb ./Core/Src/stm32f4xx_it.o
 .debug_info    0x00000000000030ce      0x168 ./Core/Src/sysmem.o
 .debug_info    0x0000000000003236      0x512 ./Core/Src/system_stm32f4xx.o
 .debug_info    0x0000000000003748       0x23 ./Core/Startup/startup_stm32f407vgtx.o
 .debug_info    0x000000000000376b      0x948 ./Drivers/STM32F4xx_HAL_Driver/Src/stm32f4xx_hal.o
 .debug_info    0x00000000000040b3      0xd46 ./Drivers/STM32F4xx_HAL_Driver/Src/stm32f4xx_hal_cortex.o
 .debug_info    0x0000000000004df9      0x6c3 ./Drivers/STM32F4xx_HAL_Driver/Src/stm32f4xx_hal_gpio.o
 .debug_info    0x00000000000054bc      0x8b1 ./Drivers/STM32F4xx_HAL_Driver/Src/stm32f4xx_hal_rcc.o
 .debug_info    0x0000000000005d6d     0x2948 ./Drivers/STM32F4xx_HAL_Driver/Src/stm32f4xx_hal_tim.o
 .debug_info    0x00000000000086b5     0x14ae ./Drivers/STM32F4xx_HAL_Driver/Src/stm32f4xx_hal_tim_ex.o
 .debug_info    0x0000000000009b63     0x2fb8 ./Drivers/STM32F4xx_HAL_Driver/Src/stm32f4xx_hal_uart.o
 .debug_info    0x000000000000cb1b      0x2af ./common/ThirdParty/FreeRTOS/list.o
 .debug_info    0x000000000000cdca     0x184f ./common/ThirdParty/FreeRTOS/queue.o
 .debug_info    0x000000000000e619     0x2573 ./common/ThirdParty/FreeRTOS/tasks.o
 .debug_info    0x0000000000010b8c      0xe20 ./common/ThirdParty/FreeRTOS/timers.o
 .debug_info    0x00000000000119ac      0x4e1 ./common/ThirdParty/FreeRTOS/portable/GCC/ARM_CM4F/port.o
 .debug_info    0x0000000000011e8d      0x523 ./common/ThirdParty/FreeRTOS/portable/MemMang/heap_4.o

.debug_abbrev   0x0000000000000000     0x2b1b
 .debug_abbrev  0x0000000000000000      0x31b ./Core/Src/main.o
 .debug_abbrev  0x000000000000031b      0x1ad ./Core/Src/stm32f4xx_hal_msp.o
 .debug_abbrev  0x00000000000004c8      0x1f4 ./Core/Src/stm32f4xx_hal_timebase_tim.o
 .debug_abbrev  0x00000000000006bc      0x1a7 ./Core/Src/stm32f4xx_it.o
 .debug_abbrev  0x0000000000000863       0xbc ./Core/Src/sysmem.o
 .debug_abbrev  0x000000000000091f      0x11a ./Core/Src/system_stm32f4xx.o
 .debug_abbrev  0x0000000000000a39       0x12 ./Core/Startup/startup_stm32f407vgtx.o
 .debug_abbrev  0x0000000000000a4b      0x213 ./Drivers/STM32F4xx_HAL_Driver/Src/stm32f4xx_hal.o
 .debug_abbrev  0x0000000000000c5e      0x327 ./Drivers/STM32F4xx_HAL_Driver/Src/stm32f4xx_hal_cortex.o
 .debug_abbrev  0x0000000000000f85      0x1d4 ./Drivers/STM32F4xx_HAL_Driver/Src/stm32f4xx_hal_gpio.o
 .debug_abbrev  0x0000000000001159      0x2b6 ./Drivers/STM32F4xx_HAL_Driver/Src/stm32f4xx_hal_rcc.o
 .debug_abbrev  0x000000000000140f      0x271 ./Drivers/STM32F4xx_HAL_Driver/Src/stm32f4xx_hal_tim.o
 .debug_abbrev  0x0000000000001680      0x27c ./Drivers/STM32F4xx_HAL_Driver/Src/stm32f4xx_hal_tim_ex.o
 .debug_abbrev  0x00000000000018fc      0x30e ./Drivers/STM32F4xx_HAL_Driver/Src/stm32f4xx_hal_uart.o
 .debug_abbrev  0x0000000000001c0a       0xf5 ./common/ThirdParty/FreeRTOS/list.o
 .debug_abbrev  0x0000000000001cff      0x323 ./common/ThirdParty/FreeRTOS/queue.o
 .debug_abbrev  0x0000000000002022      0x37e ./common/ThirdParty/FreeRTOS/tasks.o
 .debug_abbrev  0x00000000000023a0      0x2cb ./common/ThirdParty/FreeRTOS/timers.o
 .debug_abbrev  0x000000000000266b      0x25a ./common/ThirdParty/FreeRTOS/portable/GCC/ARM_CM4F/port.o
 .debug_abbrev  0x00000000000028c5      0x256 ./common/ThirdParty/FreeRTOS/portable/MemMang/heap_4.o

.debug_aranges  0x0000000000000000     0x10f8
 .debug_aranges
                0x0000000000000000       0x68 ./Core/Src/main.o
 .debug_aranges
                0x0000000000000068       0x30 ./Core/Src/stm32f4xx_hal_msp.o
 .debug_aranges
                0x0000000000000098       0x30 ./Core/Src/stm32f4xx_hal_timebase_tim.o
 .debug_aranges
                0x00000000000000c8       0x58 ./Core/Src/stm32f4xx_it.o
 .debug_aranges
                0x0000000000000120       0x20 ./Core/Src/sysmem.o
 .debug_aranges
                0x0000000000000140       0x28 ./Core/Src/system_stm32f4xx.o
 .debug_aranges
                0x0000000000000168       0x28 ./Core/Startup/startup_stm32f407vgtx.o
 .debug_aranges
                0x0000000000000190       0xf0 ./Drivers/STM32F4xx_HAL_Driver/Src/stm32f4xx_hal.o
 .debug_aranges
                0x0000000000000280      0x118 ./Drivers/STM32F4xx_HAL_Driver/Src/stm32f4xx_hal_cortex.o
 .debug_aranges
                0x0000000000000398       0x58 ./Drivers/STM32F4xx_HAL_Driver/Src/stm32f4xx_hal_gpio.o
 .debug_aranges
                0x00000000000003f0       0x88 ./Drivers/STM32F4xx_HAL_Driver/Src/stm32f4xx_hal_rcc.o
 .debug_aranges
                0x0000000000000478      0x3d0 ./Drivers/STM32F4xx_HAL_Driver/Src/stm32f4xx_hal_tim.o
 .debug_aranges
                0x0000000000000848      0x168 ./Drivers/STM32F4xx_HAL_Driver/Src/stm32f4xx_hal_tim_ex.o
 .debug_aranges
                0x00000000000009b0      0x200 ./Drivers/STM32F4xx_HAL_Driver/Src/stm32f4xx_hal_uart.o
 .debug_aranges
                0x0000000000000bb0       0x40 ./common/ThirdParty/FreeRTOS/list.o
 .debug_aranges
                0x0000000000000bf0      0x130 ./common/ThirdParty/FreeRTOS/queue.o
 .debug_aranges
                0x0000000000000d20      0x210 ./common/ThirdParty/FreeRTOS/tasks.o
 .debug_aranges
                0x0000000000000f30       0xe8 ./common/ThirdParty/FreeRTOS/timers.o
 .debug_aranges
                0x0000000000001018       0x80 ./common/ThirdParty/FreeRTOS/portable/GCC/ARM_CM4F/port.o
 .debug_aranges
                0x0000000000001098       0x60 ./common/ThirdParty/FreeRTOS/portable/MemMang/heap_4.o

.debug_rnglists
                0x0000000000000000      0xd39
 .debug_rnglists
                0x0000000000000000       0x4c ./Core/Src/main.o
 .debug_rnglists
                0x000000000000004c       0x20 ./Core/Src/stm32f4xx_hal_msp.o
 .debug_rnglists
                0x000000000000006c       0x20 ./Core/Src/stm32f4xx_hal_timebase_tim.o
 .debug_rnglists
                0x000000000000008c       0x3d ./Core/Src/stm32f4xx_it.o
 .debug_rnglists
                0x00000000000000c9       0x13 ./Core/Src/sysmem.o
 .debug_rnglists
                0x00000000000000dc       0x1a ./Core/Src/system_stm32f4xx.o
 .debug_rnglists
                0x00000000000000f6       0x19 ./Core/Startup/startup_stm32f407vgtx.o
 .debug_rnglists
                0x000000000000010f       0xaf ./Drivers/STM32F4xx_HAL_Driver/Src/stm32f4xx_hal.o
 .debug_rnglists
                0x00000000000001be       0xce ./Drivers/STM32F4xx_HAL_Driver/Src/stm32f4xx_hal_cortex.o
 .debug_rnglists
                0x000000000000028c       0x3f ./Drivers/STM32F4xx_HAL_Driver/Src/stm32f4xx_hal_gpio.o
 .debug_rnglists
                0x00000000000002cb       0x66 ./Drivers/STM32F4xx_HAL_Driver/Src/stm32f4xx_hal_rcc.o
 .debug_rnglists
                0x0000000000000331      0x31a ./Drivers/STM32F4xx_HAL_Driver/Src/stm32f4xx_hal_tim.o
 .debug_rnglists
                0x000000000000064b      0x125 ./Drivers/STM32F4xx_HAL_Driver/Src/stm32f4xx_hal_tim_ex.o
 .debug_rnglists
                0x0000000000000770      0x1b7 ./Drivers/STM32F4xx_HAL_Driver/Src/stm32f4xx_hal_uart.o
 .debug_rnglists
                0x0000000000000927       0x2b ./common/ThirdParty/FreeRTOS/list.o
 .debug_rnglists
                0x0000000000000952       0xec ./common/ThirdParty/FreeRTOS/queue.o
 .debug_rnglists
                0x0000000000000a3e      0x1a9 ./common/ThirdParty/FreeRTOS/tasks.o
 .debug_rnglists
                0x0000000000000be7       0xad ./common/ThirdParty/FreeRTOS/timers.o
 .debug_rnglists
                0x0000000000000c94       0x5d ./common/ThirdParty/FreeRTOS/portable/GCC/ARM_CM4F/port.o
 .debug_rnglists
                0x0000000000000cf1       0x48 ./common/ThirdParty/FreeRTOS/portable/MemMang/heap_4.o

.debug_macro    0x0000000000000000    0x22974
 .debug_macro   0x0000000000000000      0x378 ./Core/Src/main.o
 .debug_macro   0x0000000000000378      0xaa8 ./Core/Src/main.o
 .debug_macro   0x0000000000000e20      0x29b ./Core/Src/main.o
 .debug_macro   0x00000000000010bb       0x2e ./Core/Src/main.o
 .debug_macro   0x00000000000010e9       0x2f ./Core/Src/main.o
 .debug_macro   0x0000000000001118       0x22 ./Core/Src/main.o
 .debug_macro   0x000000000000113a       0x8e ./Core/Src/main.o
 .debug_macro   0x00000000000011c8       0x51 ./Core/Src/main.o
 .debug_macro   0x0000000000001219      0x103 ./Core/Src/main.o
 .debug_macro   0x000000000000131c       0x6a ./Core/Src/main.o
 .debug_macro   0x0000000000001386      0x1df ./Core/Src/main.o
 .debug_macro   0x0000000000001565       0x1c ./Core/Src/main.o
 .debug_macro   0x0000000000001581       0x22 ./Core/Src/main.o
 .debug_macro   0x00000000000015a3       0xd9 ./Core/Src/main.o
 .debug_macro   0x000000000000167c     0x102d ./Core/Src/main.o
 .debug_macro   0x00000000000026a9      0x11f ./Core/Src/main.o
 .debug_macro   0x00000000000027c8    0x15e82 ./Core/Src/main.o
 .debug_macro   0x000000000001864a       0x6d ./Core/Src/main.o
 .debug_macro   0x00000000000186b7     0x367e ./Core/Src/main.o
 .debug_macro   0x000000000001bd35      0x174 ./Core/Src/main.o
 .debug_macro   0x000000000001bea9       0x5c ./Core/Src/main.o
 .debug_macro   0x000000000001bf05      0x96b ./Core/Src/main.o
 .debug_macro   0x000000000001c870      0x9fe ./Core/Src/main.o
 .debug_macro   0x000000000001d26e      0x115 ./Core/Src/main.o
 .debug_macro   0x000000000001d383      0x13e ./Core/Src/main.o
 .debug_macro   0x000000000001d4c1       0xa5 ./Core/Src/main.o
 .debug_macro   0x000000000001d566      0x174 ./Core/Src/main.o
 .debug_macro   0x000000000001d6da      0x287 ./Core/Src/main.o
 .debug_macro   0x000000000001d961       0x5f ./Core/Src/main.o
 .debug_macro   0x000000000001d9c0      0x236 ./Core/Src/main.o
 .debug_macro   0x000000000001dbf6      0x12c ./Core/Src/main.o
 .debug_macro   0x000000000001dd22      0x21e ./Core/Src/main.o
 .debug_macro   0x000000000001df40       0x2e ./Core/Src/main.o
 .debug_macro   0x000000000001df6e      0x11a ./Core/Src/main.o
 .debug_macro   0x000000000001e088       0x7e ./Core/Src/main.o
 .debug_macro   0x000000000001e106       0x89 ./Core/Src/main.o
 .debug_macro   0x000000000001e18f      0x8e6 ./Core/Src/main.o
 .debug_macro   0x000000000001ea75       0x47 ./Core/Src/main.o
 .debug_macro   0x000000000001eabc      0x295 ./Core/Src/main.o
 .debug_macro   0x000000000001ed51      0x12d ./Core/Src/main.o
 .debug_macro   0x000000000001ee7e      0x166 ./Core/Src/main.o
 .debug_macro   0x000000000001efe4       0x61 ./Core/Src/main.o
 .debug_macro   0x000000000001f045       0x2a ./Core/Src/main.o
 .debug_macro   0x000000000001f06f       0x43 ./Core/Src/main.o
 .debug_macro   0x000000000001f0b2       0x34 ./Core/Src/main.o
 .debug_macro   0x000000000001f0e6       0x16 ./Core/Src/main.o
 .debug_macro   0x000000000001f0fc       0x35 ./Core/Src/main.o
 .debug_macro   0x000000000001f131      0x369 ./Core/Src/main.o
 .debug_macro   0x000000000001f49a       0x10 ./Core/Src/main.o
 .debug_macro   0x000000000001f4aa       0x16 ./Core/Src/main.o
 .debug_macro   0x000000000001f4c0       0x43 ./Core/Src/main.o
 .debug_macro   0x000000000001f503       0x34 ./Core/Src/main.o
 .debug_macro   0x000000000001f537       0x10 ./Core/Src/main.o
 .debug_macro   0x000000000001f547       0x58 ./Core/Src/main.o
 .debug_macro   0x000000000001f59f       0x8e ./Core/Src/main.o
 .debug_macro   0x000000000001f62d       0x1c ./Core/Src/main.o
 .debug_macro   0x000000000001f649      0x177 ./Core/Src/main.o
 .debug_macro   0x000000000001f7c0       0x16 ./Core/Src/main.o
 .debug_macro   0x000000000001f7d6       0x16 ./Core/Src/main.o
 .debug_macro   0x000000000001f7ec      0x147 ./Core/Src/main.o
 .debug_macro   0x000000000001f933       0x16 ./Core/Src/main.o
 .debug_macro   0x000000000001f949       0x20 ./Core/Src/main.o
 .debug_macro   0x000000000001f969      0x112 ./Core/Src/main.o
 .debug_macro   0x000000000001fa7b      0x15a ./Core/Src/main.o
 .debug_macro   0x000000000001fbd5       0xea ./Core/Src/main.o
 .debug_macro   0x000000000001fcbf       0x28 ./Core/Src/main.o
 .debug_macro   0x000000000001fce7       0x1f ./Core/Src/main.o
 .debug_macro   0x000000000001fd06       0x12 ./Core/Src/main.o
 .debug_macro   0x000000000001fd18      0x51f ./Core/Src/main.o
 .debug_macro   0x0000000000020237       0xc3 ./Core/Src/main.o
 .debug_macro   0x00000000000202fa      0x120 ./Core/Src/main.o
 .debug_macro   0x000000000002041a       0x80 ./Core/Src/main.o
 .debug_macro   0x000000000002049a       0x77 ./Core/Src/main.o
 .debug_macro   0x0000000000020511      0x1dd ./Core/Src/stm32f4xx_hal_msp.o
 .debug_macro   0x00000000000206ee      0x1ce ./Core/Src/stm32f4xx_hal_timebase_tim.o
 .debug_macro   0x00000000000208bc      0x1e7 ./Core/Src/stm32f4xx_it.o
 .debug_macro   0x0000000000020aa3       0xff ./Core/Src/sysmem.o
 .debug_macro   0x0000000000020ba2      0x23c ./Core/Src/sysmem.o
 .debug_macro   0x0000000000020dde      0x1ce ./Core/Src/system_stm32f4xx.o
 .debug_macro   0x0000000000020fac      0x22e ./Drivers/STM32F4xx_HAL_Driver/Src/stm32f4xx_hal.o
 .debug_macro   0x00000000000211da      0x1ce ./Drivers/STM32F4xx_HAL_Driver/Src/stm32f4xx_hal_cortex.o
 .debug_macro   0x00000000000213a8      0x1d4 ./Drivers/STM32F4xx_HAL_Driver/Src/stm32f4xx_hal_gpio.o
 .debug_macro   0x000000000002157c      0x1f2 ./Drivers/STM32F4xx_HAL_Driver/Src/stm32f4xx_hal_rcc.o
 .debug_macro   0x000000000002176e      0x1cf ./Drivers/STM32F4xx_HAL_Driver/Src/stm32f4xx_hal_tim.o
 .debug_macro   0x000000000002193d      0x1ce ./Drivers/STM32F4xx_HAL_Driver/Src/stm32f4xx_hal_tim_ex.o
 .debug_macro   0x0000000000021b0b      0x1cf ./Drivers/STM32F4xx_HAL_Driver/Src/stm32f4xx_hal_uart.o
 .debug_macro   0x0000000000021cda      0x198 ./common/ThirdParty/FreeRTOS/list.o
 .debug_macro   0x0000000000021e72      0x22f ./common/ThirdParty/FreeRTOS/queue.o
 .debug_macro   0x00000000000220a1      0x27e ./common/ThirdParty/FreeRTOS/tasks.o
 .debug_macro   0x000000000002231f       0x17 ./common/ThirdParty/FreeRTOS/tasks.o
 .debug_macro   0x0000000000022336      0x1e7 ./common/ThirdParty/FreeRTOS/timers.o
 .debug_macro   0x000000000002251d       0x97 ./common/ThirdParty/FreeRTOS/timers.o
 .debug_macro   0x00000000000225b4      0x1a7 ./common/ThirdParty/FreeRTOS/portable/GCC/ARM_CM4F/port.o
 .debug_macro   0x000000000002275b      0x219 ./common/ThirdParty/FreeRTOS/portable/MemMang/heap_4.o

.debug_line     0x0000000000000000    0x13cb9
 .debug_line    0x0000000000000000      0xc77 ./Core/Src/main.o
 .debug_line    0x0000000000000c77      0x794 ./Core/Src/stm32f4xx_hal_msp.o
 .debug_line    0x000000000000140b      0x7c2 ./Core/Src/stm32f4xx_hal_timebase_tim.o
 .debug_line    0x0000000000001bcd      0x7fe ./Core/Src/stm32f4xx_it.o
 .debug_line    0x00000000000023cb      0x579 ./Core/Src/sysmem.o
 .debug_line    0x0000000000002944      0x7c8 ./Core/Src/system_stm32f4xx.o
 .debug_line    0x000000000000310c       0x7a ./Core/Startup/startup_stm32f407vgtx.o
 .debug_line    0x0000000000003186      0xa2e ./Drivers/STM32F4xx_HAL_Driver/Src/stm32f4xx_hal.o
 .debug_line    0x0000000000003bb4      0xcdd ./Drivers/STM32F4xx_HAL_Driver/Src/stm32f4xx_hal_cortex.o
 .debug_line    0x0000000000004891      0xba2 ./Drivers/STM32F4xx_HAL_Driver/Src/stm32f4xx_hal_gpio.o
 .debug_line    0x0000000000005433      0xda7 ./Drivers/STM32F4xx_HAL_Driver/Src/stm32f4xx_hal_rcc.o
 .debug_line    0x00000000000061da     0x371a ./Drivers/STM32F4xx_HAL_Driver/Src/stm32f4xx_hal_tim.o
 .debug_line    0x00000000000098f4     0x1a2b ./Drivers/STM32F4xx_HAL_Driver/Src/stm32f4xx_hal_tim_ex.o
 .debug_line    0x000000000000b31f     0x2ad0 ./Drivers/STM32F4xx_HAL_Driver/Src/stm32f4xx_hal_uart.o
 .debug_line    0x000000000000ddef      0x80d ./common/ThirdParty/FreeRTOS/list.o
 .debug_line    0x000000000000e5fc     0x1719 ./common/ThirdParty/FreeRTOS/queue.o
 .debug_line    0x000000000000fd15     0x1f6d ./common/ThirdParty/FreeRTOS/tasks.o
 .debug_line    0x0000000000011c82      0xd2d ./common/ThirdParty/FreeRTOS/timers.o
 .debug_line    0x00000000000129af      0x87c ./common/ThirdParty/FreeRTOS/portable/GCC/ARM_CM4F/port.o
 .debug_line    0x000000000001322b      0xa8e ./common/ThirdParty/FreeRTOS/portable/MemMang/heap_4.o

.debug_str      0x0000000000000000    0xd4b0a
 .debug_str     0x0000000000000000    0xce0d1 ./Core/Src/main.o
                                      0xce4cd (size before relaxing)
 .debug_str     0x00000000000ce0d1       0x66 ./Core/Src/stm32f4xx_hal_msp.o
                                      0xc4304 (size before relaxing)
 .debug_str     0x00000000000ce137      0x107 ./Core/Src/stm32f4xx_hal_timebase_tim.o
                                      0xc43fd (size before relaxing)
 .debug_str     0x00000000000ce23e       0xe3 ./Core/Src/stm32f4xx_it.o
                                      0xc4315 (size before relaxing)
 .debug_str     0x00000000000ce321      0x35c ./Core/Src/sysmem.o
                                       0x6073 (size before relaxing)
 .debug_str     0x00000000000ce67d       0xdb ./Core/Src/system_stm32f4xx.o
                                      0xc3906 (size before relaxing)
 .debug_str     0x00000000000ce758       0x34 ./Core/Startup/startup_stm32f407vgtx.o
                                         0x85 (size before relaxing)
 .debug_str     0x00000000000ce78c      0x5d3 ./Drivers/STM32F4xx_HAL_Driver/Src/stm32f4xx_hal.o
                                      0xc448a (size before relaxing)
 .debug_str     0x00000000000ced5f      0x33a ./Drivers/STM32F4xx_HAL_Driver/Src/stm32f4xx_hal_cortex.o
                                      0xc41bd (size before relaxing)
 .debug_str     0x00000000000cf099      0x108 ./Drivers/STM32F4xx_HAL_Driver/Src/stm32f4xx_hal_gpio.o
                                      0xc3a81 (size before relaxing)
 .debug_str     0x00000000000cf1a1      0x1fd ./Drivers/STM32F4xx_HAL_Driver/Src/stm32f4xx_hal_rcc.o
                                      0xc3d3a (size before relaxing)
 .debug_str     0x00000000000cf39e      0xe69 ./Drivers/STM32F4xx_HAL_Driver/Src/stm32f4xx_hal_tim.o
                                      0xc4c80 (size before relaxing)