../Core/Src/main.c:90:5:main	16	static
../Core/Src/main.c:152:6:SystemClock_Config	88	static
../Core/Src/main.c:198:13:MX_USART2_UART_Init	8	static
../Core/Src/main.c:231:13:MX_GPIO_Init	56	static
../Core/Src/main.c:357:6:button_interrupt_handler	16	static,ignoring_inline_asm
../Core/Src/main.c:380:6:vQueueTask	72	static
../Core/Src/main.c:400:6:vCountSemTask	72	static
../Core/Src/main.c:419:6:vNotifyTask	72	static
../Core/Src/main.c:445:6:HAL_TIM_PeriodElapsedCallback	16	static
../Core/Src/main.c:462:6:Error_Handler	4	static,ignoring_inline_asm
